Component: ARM Compiler 5.06 update 6 (build 750) Tool: armlink [4d35ed]

==============================================================================

Section Cross References

    main.o(.text) refers to mul.o(.test1) for multiply256x256_asm
    main.o(.text) refers to test_mul.o(.test1) for test_low_mid
    main.o(.text) refers to rt_memcpy_w.o(.text) for __aeabi_memcpy4
    main.o(.text) refers to sidh.o(.text) for EphemeralKeyGeneration_A_SIDHp503
    fp_generic.o(.text) refers to p503.o(.constdata) for p503x2
    fp_generic.o(.text) refers to fpx.o(.text) for mp_shiftr1
    fp_generic.o(.text) refers to test_mul.o(.test1) for multiply32x32_asm_m4
    fpx.o(.text) refers to rt_memclr_w.o(.text) for __aeabi_memclr4
    fpx.o(.text) refers to main.o(.text) for multi_testing
    fpx.o(.text) refers to fp_generic.o(.text) for rdc_mont
    fpx.o(.text) refers to fpx.o(i.fpcopy503) for fpcopy503
    fpx.o(.text) refers to p503.o(.constdata) for Montgomery_R2
    fpx.o(.text) refers to fpx.o(i.fpzero503) for fpzero503
    ec_isogeny.o(.text) refers to fpx.o(.text) for fp2sub503
    ec_isogeny.o(.text) refers to rt_memclr_w.o(.text) for __aeabi_memclr4
    ec_isogeny.o(.text) refers to fpx.o(i.fpcopy503) for fpcopy503
    ec_isogeny.o(.text) refers to fpx.o(i.fpzero503) for fpzero503
    ec_isogeny.o(.text) refers to p503.o(.constdata) for Montgomery_one
    sidh.o(.text) refers to fpx.o(i.fpcopy503) for fpcopy503
    sidh.o(.text) refers to fpx.o(i.fpzero503) for fpzero503
    sidh.o(.text) refers to fpx.o(.text) for from_fp2mont
    sidh.o(.text) refers to random.o(.text) for randombytes
    sidh.o(.text) refers to rt_memclr_w.o(.text) for __aeabi_memclr4
    sidh.o(.text) refers to ec_isogeny.o(.text) for LADDER3PT
    sidh.o(.text) refers to p503.o(.constdata) for A_gen
    sidh.o(.text) refers to fp_generic.o(.text) for fpadd503
    sike.o(.text) refers to random.o(.text) for randombytes
    sike.o(.text) refers to sidh.o(.text) for random_mod_order_B_SIDHp503
    sike.o(.text) refers to rt_memcpy_v6.o(.text) for __aeabi_memcpy
    sike.o(.text) refers to fips202.o(.text) for cshake256_simple
    sike.o(.text) refers to memcmp.o(.text) for memcmp
    fips202.o(.text) refers to llshl.o(.text) for __aeabi_llsl
    fips202.o(.text) refers to fips202.o(.constdata) for KeccakF_RoundConstants
    fips202.o(.text) refers to rt_memclr_w.o(.text) for __aeabi_memclr4
    fips202.o(.text) refers to lludivv7m.o(.text) for __aeabi_uldivmod
    startup_tm4c129.o(STACK) refers (Special) to heapauxi.o(.text) for __use_two_region_memory
    startup_tm4c129.o(HEAP) refers (Special) to heapauxi.o(.text) for __use_two_region_memory
    startup_tm4c129.o(RESET) refers (Special) to heapauxi.o(.text) for __use_two_region_memory
    startup_tm4c129.o(RESET) refers to startup_tm4c129.o(STACK) for __initial_sp
    startup_tm4c129.o(RESET) refers to startup_tm4c129.o(.text) for Reset_Handler
    startup_tm4c129.o(.text) refers (Special) to heapauxi.o(.text) for __use_two_region_memory
    startup_tm4c129.o(.text) refers to system_tm4c129.o(.text) for SystemInit
    startup_tm4c129.o(.text) refers to __main.o(!!!main) for __main
    startup_tm4c129.o(.text) refers to startup_tm4c129.o(HEAP) for Heap_Mem
    startup_tm4c129.o(.text) refers to startup_tm4c129.o(STACK) for Stack_Mem
    system_tm4c129.o(.text) refers to system_tm4c129.o(.data) for SystemCoreClock
    rt_memcpy_v6.o(.text) refers to rt_memcpy_w.o(.text) for __aeabi_memcpy4
    __main.o(!!!main) refers to __rtentry.o(.ARM.Collect$$rtentry$$00000000) for __rt_entry
    __rtentry.o(.ARM.Collect$$rtentry$$00000000) refers (Special) to __rtentry2.o(.ARM.Collect$$rtentry$$0000000A) for __rt_entry_li
    __rtentry.o(.ARM.Collect$$rtentry$$00000000) refers (Special) to __rtentry2.o(.ARM.Collect$$rtentry$$0000000D) for __rt_entry_main
    __rtentry.o(.ARM.Collect$$rtentry$$00000000) refers (Special) to __rtentry2.o(.ARM.Collect$$rtentry$$0000000C) for __rt_entry_postli_1
    __rtentry.o(.ARM.Collect$$rtentry$$00000000) refers (Special) to __rtentry2.o(.ARM.Collect$$rtentry$$00000009) for __rt_entry_postsh_1
    __rtentry.o(.ARM.Collect$$rtentry$$00000000) refers (Special) to __rtentry2.o(.ARM.Collect$$rtentry$$00000002) for __rt_entry_presh_1
    __rtentry.o(.ARM.Collect$$rtentry$$00000000) refers (Special) to __rtentry4.o(.ARM.Collect$$rtentry$$00000004) for __rt_entry_sh
    aeabi_ldiv0_sigfpe.o(.text) refers to rt_div0.o(.text) for __rt_div0
    __rtentry2.o(.ARM.Collect$$rtentry$$00000008) refers to boardinit2.o(.text) for _platform_post_stackheap_init
    __rtentry2.o(.ARM.Collect$$rtentry$$0000000A) refers to libinit.o(.ARM.Collect$$libinit$$00000000) for __rt_lib_init
    __rtentry2.o(.ARM.Collect$$rtentry$$0000000B) refers to boardinit3.o(.text) for _platform_post_lib_init
    __rtentry2.o(.ARM.Collect$$rtentry$$0000000D) refers to main.o(.text) for main
    __rtentry2.o(.ARM.Collect$$rtentry$$0000000D) refers to exit.o(.text) for exit
    __rtentry2.o(.ARM.exidx) refers to __rtentry2.o(.ARM.Collect$$rtentry$$00000001) for .ARM.Collect$$rtentry$$00000001
    __rtentry2.o(.ARM.exidx) refers to __rtentry2.o(.ARM.Collect$$rtentry$$00000008) for .ARM.Collect$$rtentry$$00000008
    __rtentry2.o(.ARM.exidx) refers to __rtentry2.o(.ARM.Collect$$rtentry$$0000000A) for .ARM.Collect$$rtentry$$0000000A
    __rtentry2.o(.ARM.exidx) refers to __rtentry2.o(.ARM.Collect$$rtentry$$0000000B) for .ARM.Collect$$rtentry$$0000000B
    __rtentry2.o(.ARM.exidx) refers to __rtentry2.o(.ARM.Collect$$rtentry$$0000000D) for .ARM.Collect$$rtentry$$0000000D
    __rtentry4.o(.ARM.Collect$$rtentry$$00000004) refers to sys_stackheap_outer.o(.text) for __user_setup_stackheap
    __rtentry4.o(.ARM.exidx) refers to __rtentry4.o(.ARM.Collect$$rtentry$$00000004) for .ARM.Collect$$rtentry$$00000004
    rt_div0.o(.text) refers to defsig_fpe_outer.o(.text) for __rt_SIGFPE
    sys_stackheap_outer.o(.text) refers to libspace.o(.text) for __user_perproc_libspace
    sys_stackheap_outer.o(.text) refers to startup_tm4c129.o(.text) for __user_initial_stackheap
    exit.o(.text) refers to rtexit.o(.ARM.Collect$$rtexit$$00000000) for __rt_exit
    defsig_fpe_outer.o(.text) refers to defsig_fpe_inner.o(.text) for __rt_SIGFPE_inner
    defsig_fpe_outer.o(.text) refers to defsig_exit.o(.text) for __sig_exit
    defsig_fpe_formal.o(.text) refers to rt_raise.o(.text) for __rt_raise
    libinit.o(.ARM.Collect$$libinit$$00000000) refers (Special) to libinit2.o(.ARM.Collect$$libinit$$0000002E) for __rt_lib_init_alloca_1
    libinit.o(.ARM.Collect$$libinit$$00000000) refers (Special) to libinit2.o(.ARM.Collect$$libinit$$0000002C) for __rt_lib_init_argv_1
    libinit.o(.ARM.Collect$$libinit$$00000000) refers (Special) to libinit2.o(.ARM.Collect$$libinit$$0000001B) for __rt_lib_init_atexit_1
    libinit.o(.ARM.Collect$$libinit$$00000000) refers (Special) to libinit2.o(.ARM.Collect$$libinit$$00000021) for __rt_lib_init_clock_1
    libinit.o(.ARM.Collect$$libinit$$00000000) refers (Special) to libinit2.o(.ARM.Collect$$libinit$$00000032) for __rt_lib_init_cpp_1
    libinit.o(.ARM.Collect$$libinit$$00000000) refers (Special) to libinit2.o(.ARM.Collect$$libinit$$00000030) for __rt_lib_init_exceptions_1
    libinit.o(.ARM.Collect$$libinit$$00000000) refers (Special) to libinit2.o(.ARM.Collect$$libinit$$00000001) for __rt_lib_init_fp_1
    libinit.o(.ARM.Collect$$libinit$$00000000) refers (Special) to libinit2.o(.ARM.Collect$$libinit$$0000001F) for __rt_lib_init_fp_trap_1
    libinit.o(.ARM.Collect$$libinit$$00000000) refers (Special) to libinit2.o(.ARM.Collect$$libinit$$00000023) for __rt_lib_init_getenv_1
    libinit.o(.ARM.Collect$$libinit$$00000000) refers (Special) to libinit2.o(.ARM.Collect$$libinit$$0000000A) for __rt_lib_init_heap_1
    libinit.o(.ARM.Collect$$libinit$$00000000) refers (Special) to libinit2.o(.ARM.Collect$$libinit$$00000011) for __rt_lib_init_lc_collate_1
    libinit.o(.ARM.Collect$$libinit$$00000000) refers (Special) to libinit2.o(.ARM.Collect$$libinit$$00000013) for __rt_lib_init_lc_ctype_1
    libinit.o(.ARM.Collect$$libinit$$00000000) refers (Special) to libinit2.o(.ARM.Collect$$libinit$$00000015) for __rt_lib_init_lc_monetary_1
    libinit.o(.ARM.Collect$$libinit$$00000000) refers (Special) to libinit2.o(.ARM.Collect$$libinit$$00000017) for __rt_lib_init_lc_numeric_1
    libinit.o(.ARM.Collect$$libinit$$00000000) refers (Special) to libinit2.o(.ARM.Collect$$libinit$$00000019) for __rt_lib_init_lc_time_1
    libinit.o(.ARM.Collect$$libinit$$00000000) refers (Special) to libinit2.o(.ARM.Collect$$libinit$$00000004) for __rt_lib_init_preinit_1
    libinit.o(.ARM.Collect$$libinit$$00000000) refers (Special) to libinit2.o(.ARM.Collect$$libinit$$0000000E) for __rt_lib_init_rand_1
    libinit.o(.ARM.Collect$$libinit$$00000000) refers (Special) to libinit2.o(.ARM.Collect$$libinit$$00000033) for __rt_lib_init_return
    libinit.o(.ARM.Collect$$libinit$$00000000) refers (Special) to libinit2.o(.ARM.Collect$$libinit$$0000001D) for __rt_lib_init_signal_1
    libinit.o(.ARM.Collect$$libinit$$00000000) refers (Special) to libinit2.o(.ARM.Collect$$libinit$$00000025) for __rt_lib_init_stdio_1
    libinit.o(.ARM.Collect$$libinit$$00000000) refers (Special) to libinit2.o(.ARM.Collect$$libinit$$0000000C) for __rt_lib_init_user_alloc_1
    libspace.o(.text) refers to libspace.o(.bss) for __libspace_start
    rtexit.o(.ARM.Collect$$rtexit$$00000000) refers (Special) to rtexit2.o(.ARM.Collect$$rtexit$$00000004) for __rt_exit_exit
    rtexit.o(.ARM.Collect$$rtexit$$00000000) refers (Special) to rtexit2.o(.ARM.Collect$$rtexit$$00000003) for __rt_exit_ls
    rtexit.o(.ARM.Collect$$rtexit$$00000000) refers (Special) to rtexit2.o(.ARM.Collect$$rtexit$$00000002) for __rt_exit_prels_1
    rtexit.o(.ARM.exidx) refers (Special) to rtexit2.o(.ARM.Collect$$rtexit$$00000004) for __rt_exit_exit
    rtexit.o(.ARM.exidx) refers (Special) to rtexit2.o(.ARM.Collect$$rtexit$$00000003) for __rt_exit_ls
    rtexit.o(.ARM.exidx) refers (Special) to rtexit2.o(.ARM.Collect$$rtexit$$00000002) for __rt_exit_prels_1
    rtexit.o(.ARM.exidx) refers to rtexit.o(.ARM.Collect$$rtexit$$00000000) for .ARM.Collect$$rtexit$$00000000
    rt_raise.o(.text) refers to __raise.o(.text) for __raise
    rt_raise.o(.text) refers to sys_exit.o(.text) for _sys_exit
    defsig_exit.o(.text) refers to sys_exit.o(.text) for _sys_exit
    defsig_fpe_inner.o(.text) refers to defsig_general.o(.text) for __default_signal_display
    libinit2.o(.ARM.Collect$$libinit$$00000001) refers to fpinit.o(x$fpl$fpinit) for _fp_init
    libinit2.o(.ARM.Collect$$libinit$$00000010) refers to libinit2.o(.ARM.Collect$$libinit$$0000000F) for .ARM.Collect$$libinit$$0000000F
    libinit2.o(.ARM.Collect$$libinit$$00000012) refers to libinit2.o(.ARM.Collect$$libinit$$0000000F) for .ARM.Collect$$libinit$$0000000F
    libinit2.o(.ARM.Collect$$libinit$$00000014) refers to libinit2.o(.ARM.Collect$$libinit$$0000000F) for .ARM.Collect$$libinit$$0000000F
    libinit2.o(.ARM.Collect$$libinit$$00000016) refers to libinit2.o(.ARM.Collect$$libinit$$0000000F) for .ARM.Collect$$libinit$$0000000F
    libinit2.o(.ARM.Collect$$libinit$$00000018) refers to libinit2.o(.ARM.Collect$$libinit$$0000000F) for .ARM.Collect$$libinit$$0000000F
    libinit2.o(.ARM.Collect$$libinit$$00000026) refers to argv_veneer.o(.emb_text) for __ARM_argv_veneer
    libinit2.o(.ARM.Collect$$libinit$$00000027) refers to argv_veneer.o(.emb_text) for __ARM_argv_veneer
    sys_exit.o(.text) refers (Special) to use_no_semi.o(.text) for __I$use$semihosting
    sys_exit.o(.text) refers (Special) to indicate_semi.o(.text) for __semihosting_library_function
    rtexit2.o(.ARM.Collect$$rtexit$$00000003) refers to libshutdown.o(.ARM.Collect$$libshutdown$$00000000) for __rt_lib_shutdown
    rtexit2.o(.ARM.Collect$$rtexit$$00000004) refers to sys_exit.o(.text) for _sys_exit
    rtexit2.o(.ARM.exidx) refers to rtexit2.o(.ARM.Collect$$rtexit$$00000001) for .ARM.Collect$$rtexit$$00000001
    rtexit2.o(.ARM.exidx) refers to rtexit2.o(.ARM.Collect$$rtexit$$00000003) for .ARM.Collect$$rtexit$$00000003
    rtexit2.o(.ARM.exidx) refers to rtexit2.o(.ARM.Collect$$rtexit$$00000004) for .ARM.Collect$$rtexit$$00000004
    __raise.o(.text) refers to defsig.o(CL$$defsig) for __default_signal_handler
    defsig_general.o(.text) refers to sys_wrch.o(.text) for _ttywrch
    argv_veneer.o(.emb_text) refers to no_argv.o(.text) for __ARM_get_argv
    sys_wrch.o(.text) refers (Special) to use_no_semi.o(.text) for __I$use$semihosting
    sys_wrch.o(.text) refers (Special) to indicate_semi.o(.text) for __semihosting_library_function
    defsig.o(CL$$defsig) refers to defsig_fpe_inner.o(.text) for __rt_SIGFPE_inner
    defsig.o(CL$$defsig) refers to defsig_rtmem_inner.o(.text) for __rt_SIGRTMEM_inner
    _get_argv_nomalloc.o(.text) refers (Special) to hrguard.o(.text) for __heap_region$guard
    _get_argv_nomalloc.o(.text) refers to defsig_rtmem_outer.o(.text) for __rt_SIGRTMEM
    _get_argv_nomalloc.o(.text) refers to sys_command.o(.text) for _sys_command_string
    libshutdown.o(.ARM.Collect$$libshutdown$$00000000) refers (Special) to libshutdown2.o(.ARM.Collect$$libshutdown$$00000002) for __rt_lib_shutdown_cpp_1
    libshutdown.o(.ARM.Collect$$libshutdown$$00000000) refers (Special) to libshutdown2.o(.ARM.Collect$$libshutdown$$00000007) for __rt_lib_shutdown_fp_trap_1
    libshutdown.o(.ARM.Collect$$libshutdown$$00000000) refers (Special) to libshutdown2.o(.ARM.Collect$$libshutdown$$0000000F) for __rt_lib_shutdown_heap_1
    libshutdown.o(.ARM.Collect$$libshutdown$$00000000) refers (Special) to libshutdown2.o(.ARM.Collect$$libshutdown$$00000010) for __rt_lib_shutdown_return
    libshutdown.o(.ARM.Collect$$libshutdown$$00000000) refers (Special) to libshutdown2.o(.ARM.Collect$$libshutdown$$0000000A) for __rt_lib_shutdown_signal_1
    libshutdown.o(.ARM.Collect$$libshutdown$$00000000) refers (Special) to libshutdown2.o(.ARM.Collect$$libshutdown$$00000004) for __rt_lib_shutdown_stdio_1
    libshutdown.o(.ARM.Collect$$libshutdown$$00000000) refers (Special) to libshutdown2.o(.ARM.Collect$$libshutdown$$0000000C) for __rt_lib_shutdown_user_alloc_1
    sys_command.o(.text) refers (Special) to use_no_semi.o(.text) for __I$use$semihosting
    sys_command.o(.text) refers (Special) to indicate_semi.o(.text) for __semihosting_library_function
    defsig_abrt_inner.o(.text) refers to defsig_general.o(.text) for __default_signal_display
    defsig_rtred_inner.o(.text) refers to defsig_general.o(.text) for __default_signal_display
    defsig_rtmem_inner.o(.text) refers to defsig_general.o(.text) for __default_signal_display
    defsig_rtmem_outer.o(.text) refers to defsig_rtmem_inner.o(.text) for __rt_SIGRTMEM_inner
    defsig_rtmem_outer.o(.text) refers to defsig_exit.o(.text) for __sig_exit
    defsig_rtmem_formal.o(.text) refers to rt_raise.o(.text) for __rt_raise
    defsig_stak_inner.o(.text) refers to defsig_general.o(.text) for __default_signal_display
    defsig_pvfn_inner.o(.text) refers to defsig_general.o(.text) for __default_signal_display
    defsig_cppl_inner.o(.text) refers to defsig_general.o(.text) for __default_signal_display
    defsig_segv_inner.o(.text) refers to defsig_general.o(.text) for __default_signal_display
    defsig_other.o(.text) refers to defsig_general.o(.text) for __default_signal_display


==============================================================================

Removing Unused input sections from the image.

    Removing main.o(.bss), (384 bytes).
    Removing main.o(.data), (128 bytes).
    Removing sike.o(.text), (486 bytes).
    Removing fips202.o(.text), (6690 bytes).
    Removing fips202.o(.constdata), (192 bytes).
    Removing system_tm4c129.o(.rev16_text), (4 bytes).
    Removing system_tm4c129.o(.revsh_text), (4 bytes).
    Removing system_tm4c129.o(.rrx_text), (6 bytes).

8 unused section(s) (total 7894 bytes) removed from the image.

==============================================================================

Image Symbol Table

    Local Symbols

    Symbol Name                              Value     Ov Type        Size  Object(Section)

    RESET                                    0x00000000   Section      512  startup_tm4c129.o(RESET)
    ../clib/angel/boardlib.s                 0x00000000   Number         0  boardinit3.o ABSOLUTE
    ../clib/angel/boardlib.s                 0x00000000   Number         0  boardinit1.o ABSOLUTE
    ../clib/angel/boardlib.s                 0x00000000   Number         0  boardinit2.o ABSOLUTE
    ../clib/angel/boardlib.s                 0x00000000   Number         0  boardshut.o ABSOLUTE
    ../clib/angel/handlers.s                 0x00000000   Number         0  __scatter_zi.o ABSOLUTE
    ../clib/angel/handlers.s                 0x00000000   Number         0  __scatter_copy.o ABSOLUTE
    ../clib/angel/kernel.s                   0x00000000   Number         0  rtexit.o ABSOLUTE
    ../clib/angel/kernel.s                   0x00000000   Number         0  __rtentry.o ABSOLUTE
    ../clib/angel/kernel.s                   0x00000000   Number         0  __rtentry4.o ABSOLUTE
    ../clib/angel/kernel.s                   0x00000000   Number         0  rtexit2.o ABSOLUTE
    ../clib/angel/kernel.s                   0x00000000   Number         0  __rtentry2.o ABSOLUTE
    ../clib/angel/rt.s                       0x00000000   Number         0  rt_div0.o ABSOLUTE
    ../clib/angel/rt.s                       0x00000000   Number         0  rt_raise.o ABSOLUTE
    ../clib/angel/rt.s                       0x00000000   Number         0  aeabi_ldiv0.o ABSOLUTE
    ../clib/angel/rt.s                       0x00000000   Number         0  aeabi_ldiv0_sigfpe.o ABSOLUTE
    ../clib/angel/scatter.s                  0x00000000   Number         0  __scatter.o ABSOLUTE
    ../clib/angel/startup.s                  0x00000000   Number         0  __main.o ABSOLUTE
    ../clib/angel/sys.s                      0x00000000   Number         0  libspace.o ABSOLUTE
    ../clib/angel/sys.s                      0x00000000   Number         0  use_no_semi.o ABSOLUTE
    ../clib/angel/sys.s                      0x00000000   Number         0  indicate_semi.o ABSOLUTE
    ../clib/angel/sys.s                      0x00000000   Number         0  sys_stackheap_outer.o ABSOLUTE
    ../clib/angel/sysapp.c                   0x00000000   Number         0  sys_wrch.o ABSOLUTE
    ../clib/angel/sysapp.c                   0x00000000   Number         0  sys_exit.o ABSOLUTE
    ../clib/angel/sysapp.c                   0x00000000   Number         0  sys_command.o ABSOLUTE
    ../clib/armsys.c                         0x00000000   Number         0  argv_veneer.o ABSOLUTE
    ../clib/armsys.c                         0x00000000   Number         0  no_argv.o ABSOLUTE
    ../clib/armsys.c                         0x00000000   Number         0  _get_argv_nomalloc.o ABSOLUTE
    ../clib/armsys.c                         0x00000000   Number         0  argv_veneer.o ABSOLUTE
    ../clib/heapalloc.c                      0x00000000   Number         0  hrguard.o ABSOLUTE
    ../clib/heapaux.c                        0x00000000   Number         0  heapauxi.o ABSOLUTE
    ../clib/libinit.s                        0x00000000   Number         0  libinit.o ABSOLUTE
    ../clib/libinit.s                        0x00000000   Number         0  libinit2.o ABSOLUTE
    ../clib/libinit.s                        0x00000000   Number         0  libshutdown.o ABSOLUTE
    ../clib/libinit.s                        0x00000000   Number         0  libshutdown2.o ABSOLUTE
    ../clib/longlong.s                       0x00000000   Number         0  llshl.o ABSOLUTE
    ../clib/longlong.s                       0x00000000   Number         0  lludivv7m.o ABSOLUTE
    ../clib/memcpset.s                       0x00000000   Number         0  rt_memcpy_w.o ABSOLUTE
    ../clib/memcpset.s                       0x00000000   Number         0  rt_memcpy_v6.o ABSOLUTE
    ../clib/memcpset.s                       0x00000000   Number         0  rt_memclr_w.o ABSOLUTE
    ../clib/signal.c                         0x00000000   Number         0  defsig_abrt_inner.o ABSOLUTE
    ../clib/signal.c                         0x00000000   Number         0  defsig_rtmem_outer.o ABSOLUTE
    ../clib/signal.c                         0x00000000   Number         0  defsig_general.o ABSOLUTE
    ../clib/signal.c                         0x00000000   Number         0  __raise.o ABSOLUTE
    ../clib/signal.c                         0x00000000   Number         0  defsig_rtmem_inner.o ABSOLUTE
    ../clib/signal.c                         0x00000000   Number         0  defsig_fpe_inner.o ABSOLUTE
    ../clib/signal.c                         0x00000000   Number         0  defsig_exit.o ABSOLUTE
    ../clib/signal.c                         0x00000000   Number         0  defsig_other.o ABSOLUTE
    ../clib/signal.c                         0x00000000   Number         0  defsig_segv_inner.o ABSOLUTE
    ../clib/signal.c                         0x00000000   Number         0  defsig_fpe_outer.o ABSOLUTE
    ../clib/signal.c                         0x00000000   Number         0  defsig_fpe_formal.o ABSOLUTE
    ../clib/signal.c                         0x00000000   Number         0  defsig_cppl_inner.o ABSOLUTE
    ../clib/signal.c                         0x00000000   Number         0  defsig_pvfn_inner.o ABSOLUTE
    ../clib/signal.c                         0x00000000   Number         0  defsig_stak_inner.o ABSOLUTE
    ../clib/signal.c                         0x00000000   Number         0  defsig_rtmem_formal.o ABSOLUTE
    ../clib/signal.c                         0x00000000   Number         0  defsig_rtred_inner.o ABSOLUTE
    ../clib/signal.s                         0x00000000   Number         0  defsig.o ABSOLUTE
    ../clib/stdlib.c                         0x00000000   Number         0  exit.o ABSOLUTE
    ../clib/string.c                         0x00000000   Number         0  memcmp.o ABSOLUTE
    ../fplib/fpinit.s                        0x00000000   Number         0  fpinit.o ABSOLUTE
    P503.c                                   0x00000000   Number         0  p503.o ABSOLUTE
    RTE\Device\TM4C129ENCPDT\startup_TM4C129.s 0x00000000   Number         0  startup_tm4c129.o ABSOLUTE
    RTE\Device\TM4C129ENCPDT\system_TM4C129.c 0x00000000   Number         0  system_tm4c129.o ABSOLUTE
    RTE\\Device\\TM4C129ENCPDT\\system_TM4C129.c 0x00000000   Number         0  system_tm4c129.o ABSOLUTE
    dc.s                                     0x00000000   Number         0  dc.o ABSOLUTE
    ec_isogeny.c                             0x00000000   Number         0  ec_isogeny.o ABSOLUTE
    fips202.c                                0x00000000   Number         0  fips202.o ABSOLUTE
    fp_generic.c                             0x00000000   Number         0  fp_generic.o ABSOLUTE
    fpx.c                                    0x00000000   Number         0  fpx.o ABSOLUTE
    main.c                                   0x00000000   Number         0  main.o ABSOLUTE
    mul.s                                    0x00000000   Number         0  mul.o ABSOLUTE
    random.c                                 0x00000000   Number         0  random.o ABSOLUTE
    sidh.c                                   0x00000000   Number         0  sidh.o ABSOLUTE
    sike.c                                   0x00000000   Number         0  sike.o ABSOLUTE
    test_mul.s                               0x00000000   Number         0  test_mul.o ABSOLUTE
    !!!main                                  0x00000200   Section        8  __main.o(!!!main)
    !!!scatter                               0x00000208   Section       52  __scatter.o(!!!scatter)
    !!handler_copy                           0x0000023c   Section       26  __scatter_copy.o(!!handler_copy)
    !!handler_zi                             0x00000258   Section       28  __scatter_zi.o(!!handler_zi)
    .ARM.Collect$$libinit$$00000000          0x00000274   Section        2  libinit.o(.ARM.Collect$$libinit$$00000000)
    .ARM.Collect$$libinit$$00000001          0x00000276   Section        4  libinit2.o(.ARM.Collect$$libinit$$00000001)
    .ARM.Collect$$libinit$$00000004          0x0000027a   Section        0  libinit2.o(.ARM.Collect$$libinit$$00000004)
    .ARM.Collect$$libinit$$0000000A          0x0000027a   Section        0  libinit2.o(.ARM.Collect$$libinit$$0000000A)
    .ARM.Collect$$libinit$$0000000C          0x0000027a   Section        0  libinit2.o(.ARM.Collect$$libinit$$0000000C)
    .ARM.Collect$$libinit$$0000000E          0x0000027a   Section        0  libinit2.o(.ARM.Collect$$libinit$$0000000E)
    .ARM.Collect$$libinit$$00000011          0x0000027a   Section        0  libinit2.o(.ARM.Collect$$libinit$$00000011)
    .ARM.Collect$$libinit$$00000013          0x0000027a   Section        0  libinit2.o(.ARM.Collect$$libinit$$00000013)
    .ARM.Collect$$libinit$$00000015          0x0000027a   Section        0  libinit2.o(.ARM.Collect$$libinit$$00000015)
    .ARM.Collect$$libinit$$00000017          0x0000027a   Section        0  libinit2.o(.ARM.Collect$$libinit$$00000017)
    .ARM.Collect$$libinit$$00000019          0x0000027a   Section        0  libinit2.o(.ARM.Collect$$libinit$$00000019)
    .ARM.Collect$$libinit$$0000001B          0x0000027a   Section        0  libinit2.o(.ARM.Collect$$libinit$$0000001B)
    .ARM.Collect$$libinit$$0000001D          0x0000027a   Section        0  libinit2.o(.ARM.Collect$$libinit$$0000001D)
    .ARM.Collect$$libinit$$0000001F          0x0000027a   Section        0  libinit2.o(.ARM.Collect$$libinit$$0000001F)
    .ARM.Collect$$libinit$$00000021          0x0000027a   Section        0  libinit2.o(.ARM.Collect$$libinit$$00000021)
    .ARM.Collect$$libinit$$00000023          0x0000027a   Section        0  libinit2.o(.ARM.Collect$$libinit$$00000023)
    .ARM.Collect$$libinit$$00000025          0x0000027a   Section        0  libinit2.o(.ARM.Collect$$libinit$$00000025)
    .ARM.Collect$$libinit$$0000002C          0x0000027a   Section        0  libinit2.o(.ARM.Collect$$libinit$$0000002C)
    .ARM.Collect$$libinit$$0000002E          0x0000027a   Section        0  libinit2.o(.ARM.Collect$$libinit$$0000002E)
    .ARM.Collect$$libinit$$00000030          0x0000027a   Section        0  libinit2.o(.ARM.Collect$$libinit$$00000030)
    .ARM.Collect$$libinit$$00000032          0x0000027a   Section        0  libinit2.o(.ARM.Collect$$libinit$$00000032)
    .ARM.Collect$$libinit$$00000033          0x0000027a   Section        2  libinit2.o(.ARM.Collect$$libinit$$00000033)
    .ARM.Collect$$libshutdown$$00000000      0x0000027c   Section        2  libshutdown.o(.ARM.Collect$$libshutdown$$00000000)
    .ARM.Collect$$libshutdown$$00000002      0x0000027e   Section        0  libshutdown2.o(.ARM.Collect$$libshutdown$$00000002)
    .ARM.Collect$$libshutdown$$00000004      0x0000027e   Section        0  libshutdown2.o(.ARM.Collect$$libshutdown$$00000004)
    .ARM.Collect$$libshutdown$$00000007      0x0000027e   Section        0  libshutdown2.o(.ARM.Collect$$libshutdown$$00000007)
    .ARM.Collect$$libshutdown$$0000000A      0x0000027e   Section        0  libshutdown2.o(.ARM.Collect$$libshutdown$$0000000A)
    .ARM.Collect$$libshutdown$$0000000C      0x0000027e   Section        0  libshutdown2.o(.ARM.Collect$$libshutdown$$0000000C)
    .ARM.Collect$$libshutdown$$0000000F      0x0000027e   Section        0  libshutdown2.o(.ARM.Collect$$libshutdown$$0000000F)
    .ARM.Collect$$libshutdown$$00000010      0x0000027e   Section        2  libshutdown2.o(.ARM.Collect$$libshutdown$$00000010)
    .ARM.Collect$$rtentry$$00000000          0x00000280   Section        0  __rtentry.o(.ARM.Collect$$rtentry$$00000000)
    .ARM.Collect$$rtentry$$00000002          0x00000280   Section        0  __rtentry2.o(.ARM.Collect$$rtentry$$00000002)
    .ARM.Collect$$rtentry$$00000004          0x00000280   Section        6  __rtentry4.o(.ARM.Collect$$rtentry$$00000004)
    .ARM.Collect$$rtentry$$00000009          0x00000286   Section        0  __rtentry2.o(.ARM.Collect$$rtentry$$00000009)
    .ARM.Collect$$rtentry$$0000000A          0x00000286   Section        4  __rtentry2.o(.ARM.Collect$$rtentry$$0000000A)
    .ARM.Collect$$rtentry$$0000000C          0x0000028a   Section        0  __rtentry2.o(.ARM.Collect$$rtentry$$0000000C)
    .ARM.Collect$$rtentry$$0000000D          0x0000028a   Section        8  __rtentry2.o(.ARM.Collect$$rtentry$$0000000D)
    .ARM.Collect$$rtexit$$00000000           0x00000292   Section        2  rtexit.o(.ARM.Collect$$rtexit$$00000000)
    .ARM.Collect$$rtexit$$00000002           0x00000294   Section        0  rtexit2.o(.ARM.Collect$$rtexit$$00000002)
    .ARM.Collect$$rtexit$$00000003           0x00000294   Section        4  rtexit2.o(.ARM.Collect$$rtexit$$00000003)
    .ARM.Collect$$rtexit$$00000004           0x00000298   Section        6  rtexit2.o(.ARM.Collect$$rtexit$$00000004)
    .test1                                   0x000002a0   Section      376  test_mul.o(.test1)
    $v0                                      0x000002a0   Number         0  test_mul.o(.test1)
    .test1                                   0x00000418   Section     1366  mul.o(.test1)
    $v0                                      0x00000418   Number         0  mul.o(.test1)
    .text                                    0x00000970   Section        0  main.o(.text)
    .text                                    0x00000a50   Section        0  fp_generic.o(.text)
    is_digit_zero_ct                         0x00004343   Thumb Code    16  fp_generic.o(.text)
    is_digit_lessthan_ct                     0x00004353   Thumb Code    18  fp_generic.o(.text)
    .text                                    0x00004364   Section        0  fpx.o(.text)
    mp_addfast                               0x00004a07   Thumb Code    88  fpx.o(.text)
    mp_subfast                               0x00004afd   Thumb Code    24  fpx.o(.text)
    mp_dblsubfast                            0x00004b15   Thumb Code    34  fpx.o(.text)
    is_digit_lessthan_ct                     0x00004d25   Thumb Code    18  fpx.o(.text)
    .text                                    0x00004d3c   Section        0  ec_isogeny.o(.text)
    swap_points                              0x000053e9   Thumb Code   216  ec_isogeny.o(.text)
    .text                                    0x000055b8   Section        0  sidh.o(.text)
    clear_words                              0x000055b9   Thumb Code    24  sidh.o(.text)
    init_basis                               0x000055d1   Thumb Code    76  sidh.o(.text)
    fp2_encode                               0x0000561d   Thumb Code    48  sidh.o(.text)
    fp2_decode                               0x0000564d   Thumb Code    54  sidh.o(.text)
    .text                                    0x00005e7c   Section        0  random.o(.text)
    .text                                    0x00005e84   Section      300  startup_tm4c129.o(.text)
    $v0                                      0x00005e84   Number         0  startup_tm4c129.o(.text)
    .text                                    0x00005fb0   Section        0  system_tm4c129.o(.text)
    .text                                    0x00005fd8   Section      100  rt_memcpy_w.o(.text)
    .text                                    0x0000603c   Section       78  rt_memclr_w.o(.text)
    .text                                    0x0000608a   Section        0  heapauxi.o(.text)
    .text                                    0x00006090   Section       74  sys_stackheap_outer.o(.text)
    .text                                    0x000060da   Section        0  exit.o(.text)
    .text                                    0x000060ec   Section        8  libspace.o(.text)
    .text                                    0x000060f4   Section        0  sys_exit.o(.text)
    .text                                    0x00006100   Section        2  use_no_semi.o(.text)
    .text                                    0x00006102   Section        0  indicate_semi.o(.text)
    i.fpcopy503                              0x00006102   Section        0  fpx.o(i.fpcopy503)
    i.fpzero503                              0x00006118   Section        0  fpx.o(i.fpzero503)
    x$fpl$fpinit                             0x0000612c   Section       10  fpinit.o(x$fpl$fpinit)
    $v0                                      0x0000612c   Number         0  fpinit.o(x$fpl$fpinit)
    .constdata                               0x00006138   Section     2280  p503.o(.constdata)
    .data                                    0x20000000   Section        4  system_tm4c129.o(.data)
    .bss                                     0x20000004   Section       96  libspace.o(.bss)
    HEAP                                     0x20000068   Section        0  startup_tm4c129.o(HEAP)
    STACK                                    0x20000068   Section    32768  startup_tm4c129.o(STACK)
    Heap_Mem                                 0x20000068   Data           0  startup_tm4c129.o(HEAP)
    Stack_Mem                                0x20000068   Data       32768  startup_tm4c129.o(STACK)
    __initial_sp                             0x20008068   Data           0  startup_tm4c129.o(STACK)

    Global Symbols

    Symbol Name                              Value     Ov Type        Size  Object(Section)

    BuildAttributes$$THM_ISAv4$E$P$D$K$B$S$7EM$VFPi3$EXTD16$VFPS$VFMA$PE$A:L22UL41UL21$X:L11$S22US41US21$IEEE1$IW$USESV6$~STKCKD$USESV7$~SHL$OSPACE$ROPI$EBA8$UX$STANDARDLIB$REQ8$EABIv2 0x00000000   Number         0  anon$$obj.o ABSOLUTE
    __ARM_use_no_argv                        0x00000000   Number         0  main.o ABSOLUTE
    __Vectors                                0x00000000   Data           4  startup_tm4c129.o(RESET)
    __ARM_exceptions_init                     - Undefined Weak Reference
    __alloca_initialize                       - Undefined Weak Reference
    __arm_preinit_                            - Undefined Weak Reference
    __cpp_initialize__aeabi_                  - Undefined Weak Reference
    __cxa_finalize                            - Undefined Weak Reference
    __rt_locale                               - Undefined Weak Reference
    __sigvec_lookup                           - Undefined Weak Reference
    _atexit_init                              - Undefined Weak Reference
    _call_atexit_fns                          - Undefined Weak Reference
    _clock_init                               - Undefined Weak Reference
    _fp_trap_init                             - Undefined Weak Reference
    _fp_trap_shutdown                         - Undefined Weak Reference
    _get_lc_collate                           - Undefined Weak Reference
    _get_lc_ctype                             - Undefined Weak Reference
    _get_lc_monetary                          - Undefined Weak Reference
    _get_lc_numeric                           - Undefined Weak Reference
    _get_lc_time                              - Undefined Weak Reference
    _getenv_init                              - Undefined Weak Reference
    _handle_redirection                       - Undefined Weak Reference
    _init_alloc                               - Undefined Weak Reference
    _init_user_alloc                          - Undefined Weak Reference
    _initio                                   - Undefined Weak Reference
    _rand_init                                - Undefined Weak Reference
    _signal_finish                            - Undefined Weak Reference
    _signal_init                              - Undefined Weak Reference
    _terminate_alloc                          - Undefined Weak Reference
    _terminate_user_alloc                     - Undefined Weak Reference
    _terminateio                              - Undefined Weak Reference
    __Vectors_End                            0x00000200   Data           0  startup_tm4c129.o(RESET)
    __Vectors_Size                           0x00000200   Number         0  startup_tm4c129.o ABSOLUTE
    __main                                   0x00000201   Thumb Code     8  __main.o(!!!main)
    __scatterload                            0x00000209   Thumb Code     0  __scatter.o(!!!scatter)
    __scatterload_rt2                        0x00000209   Thumb Code    44  __scatter.o(!!!scatter)
    __scatterload_rt2_thumb_only             0x00000209   Thumb Code     0  __scatter.o(!!!scatter)
    __scatterload_null                       0x00000217   Thumb Code     0  __scatter.o(!!!scatter)
    __scatterload_copy                       0x0000023d   Thumb Code    26  __scatter_copy.o(!!handler_copy)
    __scatterload_zeroinit                   0x00000259   Thumb Code    28  __scatter_zi.o(!!handler_zi)
    __rt_lib_init                            0x00000275   Thumb Code     0  libinit.o(.ARM.Collect$$libinit$$00000000)
    __rt_lib_init_fp_1                       0x00000277   Thumb Code     0  libinit2.o(.ARM.Collect$$libinit$$00000001)
    __rt_lib_init_alloca_1                   0x0000027b   Thumb Code     0  libinit2.o(.ARM.Collect$$libinit$$0000002E)
    __rt_lib_init_argv_1                     0x0000027b   Thumb Code     0  libinit2.o(.ARM.Collect$$libinit$$0000002C)
    __rt_lib_init_atexit_1                   0x0000027b   Thumb Code     0  libinit2.o(.ARM.Collect$$libinit$$0000001B)
    __rt_lib_init_clock_1                    0x0000027b   Thumb Code     0  libinit2.o(.ARM.Collect$$libinit$$00000021)
    __rt_lib_init_cpp_1                      0x0000027b   Thumb Code     0  libinit2.o(.ARM.Collect$$libinit$$00000032)
    __rt_lib_init_exceptions_1               0x0000027b   Thumb Code     0  libinit2.o(.ARM.Collect$$libinit$$00000030)
    __rt_lib_init_fp_trap_1                  0x0000027b   Thumb Code     0  libinit2.o(.ARM.Collect$$libinit$$0000001F)
    __rt_lib_init_getenv_1                   0x0000027b   Thumb Code     0  libinit2.o(.ARM.Collect$$libinit$$00000023)
    __rt_lib_init_heap_1                     0x0000027b   Thumb Code     0  libinit2.o(.ARM.Collect$$libinit$$0000000A)
    __rt_lib_init_lc_collate_1               0x0000027b   Thumb Code     0  libinit2.o(.ARM.Collect$$libinit$$00000011)
    __rt_lib_init_lc_ctype_1                 0x0000027b   Thumb Code     0  libinit2.o(.ARM.Collect$$libinit$$00000013)
    __rt_lib_init_lc_monetary_1              0x0000027b   Thumb Code     0  libinit2.o(.ARM.Collect$$libinit$$00000015)
    __rt_lib_init_lc_numeric_1               0x0000027b   Thumb Code     0  libinit2.o(.ARM.Collect$$libinit$$00000017)
    __rt_lib_init_lc_time_1                  0x0000027b   Thumb Code     0  libinit2.o(.ARM.Collect$$libinit$$00000019)
    __rt_lib_init_preinit_1                  0x0000027b   Thumb Code     0  libinit2.o(.ARM.Collect$$libinit$$00000004)
    __rt_lib_init_rand_1                     0x0000027b   Thumb Code     0  libinit2.o(.ARM.Collect$$libinit$$0000000E)
    __rt_lib_init_return                     0x0000027b   Thumb Code     0  libinit2.o(.ARM.Collect$$libinit$$00000033)
    __rt_lib_init_signal_1                   0x0000027b   Thumb Code     0  libinit2.o(.ARM.Collect$$libinit$$0000001D)
    __rt_lib_init_stdio_1                    0x0000027b   Thumb Code     0  libinit2.o(.ARM.Collect$$libinit$$00000025)
    __rt_lib_init_user_alloc_1               0x0000027b   Thumb Code     0  libinit2.o(.ARM.Collect$$libinit$$0000000C)
    __rt_lib_shutdown                        0x0000027d   Thumb Code     0  libshutdown.o(.ARM.Collect$$libshutdown$$00000000)
    __rt_lib_shutdown_cpp_1                  0x0000027f   Thumb Code     0  libshutdown2.o(.ARM.Collect$$libshutdown$$00000002)
    __rt_lib_shutdown_fp_trap_1              0x0000027f   Thumb Code     0  libshutdown2.o(.ARM.Collect$$libshutdown$$00000007)
    __rt_lib_shutdown_heap_1                 0x0000027f   Thumb Code     0  libshutdown2.o(.ARM.Collect$$libshutdown$$0000000F)
    __rt_lib_shutdown_return                 0x0000027f   Thumb Code     0  libshutdown2.o(.ARM.Collect$$libshutdown$$00000010)
    __rt_lib_shutdown_signal_1               0x0000027f   Thumb Code     0  libshutdown2.o(.ARM.Collect$$libshutdown$$0000000A)
    __rt_lib_shutdown_stdio_1                0x0000027f   Thumb Code     0  libshutdown2.o(.ARM.Collect$$libshutdown$$00000004)
    __rt_lib_shutdown_user_alloc_1           0x0000027f   Thumb Code     0  libshutdown2.o(.ARM.Collect$$libshutdown$$0000000C)
    __rt_entry                               0x00000281   Thumb Code     0  __rtentry.o(.ARM.Collect$$rtentry$$00000000)
    __rt_entry_presh_1                       0x00000281   Thumb Code     0  __rtentry2.o(.ARM.Collect$$rtentry$$00000002)
    __rt_entry_sh                            0x00000281   Thumb Code     0  __rtentry4.o(.ARM.Collect$$rtentry$$00000004)
    __rt_entry_li                            0x00000287   Thumb Code     0  __rtentry2.o(.ARM.Collect$$rtentry$$0000000A)
    __rt_entry_postsh_1                      0x00000287   Thumb Code     0  __rtentry2.o(.ARM.Collect$$rtentry$$00000009)
    __rt_entry_main                          0x0000028b   Thumb Code     0  __rtentry2.o(.ARM.Collect$$rtentry$$0000000D)
    __rt_entry_postli_1                      0x0000028b   Thumb Code     0  __rtentry2.o(.ARM.Collect$$rtentry$$0000000C)
    __rt_exit                                0x00000293   Thumb Code     0  rtexit.o(.ARM.Collect$$rtexit$$00000000)
    __rt_exit_ls                             0x00000295   Thumb Code     0  rtexit2.o(.ARM.Collect$$rtexit$$00000003)
    __rt_exit_prels_1                        0x00000295   Thumb Code     0  rtexit2.o(.ARM.Collect$$rtexit$$00000002)
    __rt_exit_exit                           0x00000299   Thumb Code     0  rtexit2.o(.ARM.Collect$$rtexit$$00000004)
    multiply32x32_asm                        0x000002a1   Thumb Code    44  test_mul.o(.test1)
    multiply32x32_asm_m4                     0x000002cd   Thumb Code    10  test_mul.o(.test1)
    test_low_mid                             0x000002d7   Thumb Code   112  test_mul.o(.test1)
    test_mid                                 0x00000347   Thumb Code   104  test_mul.o(.test1)
    test_high                                0x000003af   Thumb Code   106  test_mul.o(.test1)
    multiply256x256_asm                      0x00000419   Thumb Code  1366  mul.o(.test1)
    multi_testing                            0x00000971   Thumb Code    90  main.o(.text)
    main                                     0x000009cb   Thumb Code    70  main.o(.text)
    fpadd503                                 0x00000a51   Thumb Code  1792  fp_generic.o(.text)
    fpsub503                                 0x00001151   Thumb Code   776  fp_generic.o(.text)
    fpsub503_original                        0x00001459   Thumb Code   148  fp_generic.o(.text)
    fpneg503                                 0x000014ed   Thumb Code    70  fp_generic.o(.text)
    fpdiv2_503                               0x00001533   Thumb Code    92  fp_generic.o(.text)
    fpcorrection503                          0x0000158f   Thumb Code   132  fp_generic.o(.text)
    mp_mul                                   0x00001613   Thumb Code   284  fp_generic.o(.text)
    rdc_mont1                                0x0000172f   Thumb Code   288  fp_generic.o(.text)
    rdc_mont                                 0x0000184f   Thumb Code 10996  fp_generic.o(.text)
    fpmul503_mont                            0x00004365   Thumb Code    42  fpx.o(.text)
    to_mont                                  0x0000438f   Thumb Code    18  fpx.o(.text)
    from_mont                                0x000043a1   Thumb Code    40  fpx.o(.text)
    copy_words                               0x000043c9   Thumb Code    24  fpx.o(.text)
    fpsqr503_mont                            0x000043e1   Thumb Code    40  fpx.o(.text)
    fpinv503_chain_mont                      0x00004409   Thumb Code  1296  fpx.o(.text)
    fpinv503_mont                            0x00004919   Thumb Code    50  fpx.o(.text)
    fp2copy503                               0x0000494b   Thumb Code    28  fpx.o(.text)
    fp2zero503                               0x00004967   Thumb Code    20  fpx.o(.text)
    fp2neg503                                0x0000497b   Thumb Code    20  fpx.o(.text)
    fp2add503                                0x0000498f   Thumb Code    36  fpx.o(.text)
    fp2sub503                                0x000049b3   Thumb Code    36  fpx.o(.text)
    fp2div2_503                              0x000049d7   Thumb Code    28  fpx.o(.text)
    fp2correction503                         0x000049f3   Thumb Code    20  fpx.o(.text)
    fp2sqr503_mont                           0x00004a5f   Thumb Code    70  fpx.o(.text)
    mp_sub                                   0x00004aa5   Thumb Code    88  fpx.o(.text)
    fp2mul503_mont                           0x00004b37   Thumb Code   162  fpx.o(.text)
    fp2inv503_mont                           0x00004bd9   Thumb Code    74  fpx.o(.text)
    to_fp2mont                               0x00004c23   Thumb Code    28  fpx.o(.text)
    from_fp2mont                             0x00004c3f   Thumb Code    28  fpx.o(.text)
    mp_shiftleft                             0x00004c5b   Thumb Code   110  fpx.o(.text)
    mp_shiftr1                               0x00004cc9   Thumb Code    50  fpx.o(.text)
    mp_shiftl1                               0x00004cfb   Thumb Code    42  fpx.o(.text)
    xDBL                                     0x00004d3d   Thumb Code   124  ec_isogeny.o(.text)
    xDBLe                                    0x00004db9   Thumb Code    52  ec_isogeny.o(.text)
    get_4_isog                               0x00004ded   Thumb Code   108  ec_isogeny.o(.text)
    eval_4_isog                              0x00004e59   Thumb Code   168  ec_isogeny.o(.text)
    xTPL                                     0x00004f01   Thumb Code   236  ec_isogeny.o(.text)
    xTPLe                                    0x00004fed   Thumb Code    52  ec_isogeny.o(.text)
    get_3_isog                               0x00005021   Thumb Code   224  ec_isogeny.o(.text)
    eval_3_isog                              0x00005101   Thumb Code   116  ec_isogeny.o(.text)
    inv_3_way                                0x00005175   Thumb Code    92  ec_isogeny.o(.text)
    get_A                                    0x000051d1   Thumb Code   156  ec_isogeny.o(.text)
    j_inv                                    0x0000526d   Thumb Code   162  ec_isogeny.o(.text)
    xDBLADD                                  0x0000530f   Thumb Code   218  ec_isogeny.o(.text)
    LADDER3PT                                0x000054c1   Thumb Code   242  ec_isogeny.o(.text)
    random_mod_order_A_SIDHp503              0x00005683   Thumb Code    40  sidh.o(.text)
    random_mod_order_B_SIDHp503              0x000056ab   Thumb Code    40  sidh.o(.text)
    EphemeralKeyGeneration_A_SIDHp503        0x000056d3   Thumb Code   554  sidh.o(.text)
    EphemeralKeyGeneration_B_SIDHp503        0x000058fd   Thumb Code   590  sidh.o(.text)
    EphemeralSecretAgreement_A_SIDHp503      0x00005b4b   Thumb Code   402  sidh.o(.text)
    EphemeralSecretAgreement_B_SIDHp503      0x00005cdd   Thumb Code   404  sidh.o(.text)
    randombytes                              0x00005e7d   Thumb Code     6  random.o(.text)
    Reset_Handler                            0x00005e85   Thumb Code     8  startup_tm4c129.o(.text)
    NMI_Handler                              0x00005e8d   Thumb Code     2  startup_tm4c129.o(.text)
    HardFault_Handler                        0x00005e8f   Thumb Code     2  startup_tm4c129.o(.text)
    MemManage_Handler                        0x00005e91   Thumb Code     2  startup_tm4c129.o(.text)
    BusFault_Handler                         0x00005e93   Thumb Code     2  startup_tm4c129.o(.text)
    UsageFault_Handler                       0x00005e95   Thumb Code     2  startup_tm4c129.o(.text)
    SVC_Handler                              0x00005e97   Thumb Code     2  startup_tm4c129.o(.text)
    DebugMon_Handler                         0x00005e99   Thumb Code     2  startup_tm4c129.o(.text)
    PendSV_Handler                           0x00005e9b   Thumb Code     2  startup_tm4c129.o(.text)
    SysTick_Handler                          0x00005e9d   Thumb Code     2  startup_tm4c129.o(.text)
    GPIOA_Handler                            0x00005e9f   Thumb Code     2  startup_tm4c129.o(.text)
    GPIOB_Handler                            0x00005ea1   Thumb Code     2  startup_tm4c129.o(.text)
    GPIOC_Handler                            0x00005ea3   Thumb Code     2  startup_tm4c129.o(.text)
    GPIOD_Handler                            0x00005ea5   Thumb Code     2  startup_tm4c129.o(.text)
    GPIOE_Handler                            0x00005ea7   Thumb Code     2  startup_tm4c129.o(.text)
    UART0_Handler                            0x00005ea9   Thumb Code     2  startup_tm4c129.o(.text)
    UART1_Handler                            0x00005eab   Thumb Code     2  startup_tm4c129.o(.text)
    SSI0_Handler                             0x00005ead   Thumb Code     2  startup_tm4c129.o(.text)
    I2C0_Handler                             0x00005eaf   Thumb Code     2  startup_tm4c129.o(.text)
    PMW0_FAULT_Handler                       0x00005eb1   Thumb Code     2  startup_tm4c129.o(.text)
    PWM0_0_Handler                           0x00005eb3   Thumb Code     2  startup_tm4c129.o(.text)
    PWM0_1_Handler                           0x00005eb5   Thumb Code     2  startup_tm4c129.o(.text)
    PWM0_2_Handler                           0x00005eb7   Thumb Code     2  startup_tm4c129.o(.text)
    QEI0_Handler                             0x00005eb9   Thumb Code     2  startup_tm4c129.o(.text)
    ADC0SS0_Handler                          0x00005ebb   Thumb Code     2  startup_tm4c129.o(.text)
    ADC0SS1_Handler                          0x00005ebd   Thumb Code     2  startup_tm4c129.o(.text)
    ADC0SS2_Handler                          0x00005ebf   Thumb Code     2  startup_tm4c129.o(.text)
    ADC0SS3_Handler                          0x00005ec1   Thumb Code     2  startup_tm4c129.o(.text)
    WDT0_Handler                             0x00005ec3   Thumb Code     2  startup_tm4c129.o(.text)
    TIMER0A_Handler                          0x00005ec5   Thumb Code     2  startup_tm4c129.o(.text)
    TIMER0B_Handler                          0x00005ec7   Thumb Code     2  startup_tm4c129.o(.text)
    TIMER1A_Handler                          0x00005ec9   Thumb Code     2  startup_tm4c129.o(.text)
    TIMER1B_Handler                          0x00005ecb   Thumb Code     2  startup_tm4c129.o(.text)
    TIMER2A_Handler                          0x00005ecd   Thumb Code     2  startup_tm4c129.o(.text)
    TIMER2B_Handler                          0x00005ecf   Thumb Code     2  startup_tm4c129.o(.text)
    COMP0_Handler                            0x00005ed1   Thumb Code     2  startup_tm4c129.o(.text)
    COMP1_Handler                            0x00005ed3   Thumb Code     2  startup_tm4c129.o(.text)
    COMP2_Handler                            0x00005ed5   Thumb Code     2  startup_tm4c129.o(.text)
    SYSCTL_Handler                           0x00005ed7   Thumb Code     2  startup_tm4c129.o(.text)
    FLASH_Handler                            0x00005ed9   Thumb Code     2  startup_tm4c129.o(.text)
    GPIOF_Handler                            0x00005edb   Thumb Code     2  startup_tm4c129.o(.text)
    GPIOG_Handler                            0x00005edd   Thumb Code     2  startup_tm4c129.o(.text)
    GPIOH_Handler                            0x00005edf   Thumb Code     2  startup_tm4c129.o(.text)
    UART2_Handler                            0x00005ee1   Thumb Code     2  startup_tm4c129.o(.text)
    SSI1_Handler                             0x00005ee3   Thumb Code     2  startup_tm4c129.o(.text)
    TIMER3A_Handler                          0x00005ee5   Thumb Code     2  startup_tm4c129.o(.text)
    TIMER3B_Handler                          0x00005ee7   Thumb Code     2  startup_tm4c129.o(.text)
    I2C1_Handler                             0x00005ee9   Thumb Code     2  startup_tm4c129.o(.text)
    CAN0_Handler                             0x00005eeb   Thumb Code     2  startup_tm4c129.o(.text)
    CAN1_Handler                             0x00005eed   Thumb Code     2  startup_tm4c129.o(.text)
    ETH_Handler                              0x00005eef   Thumb Code     2  startup_tm4c129.o(.text)
    HIB_Handler                              0x00005ef1   Thumb Code     2  startup_tm4c129.o(.text)
    USB0_Handler                             0x00005ef3   Thumb Code     2  startup_tm4c129.o(.text)
    PWM0_3_Handler                           0x00005ef5   Thumb Code     2  startup_tm4c129.o(.text)
    UDMA_Handler                             0x00005ef7   Thumb Code     2  startup_tm4c129.o(.text)
    UDMAERR_Handler                          0x00005ef9   Thumb Code     2  startup_tm4c129.o(.text)
    ADC1SS0_Handler                          0x00005efb   Thumb Code     2  startup_tm4c129.o(.text)
    ADC1SS1_Handler                          0x00005efd   Thumb Code     2  startup_tm4c129.o(.text)
    ADC1SS2_Handler                          0x00005eff   Thumb Code     2  startup_tm4c129.o(.text)
    ADC1SS3_Handler                          0x00005f01   Thumb Code     2  startup_tm4c129.o(.text)
    EBI0_Handler                             0x00005f03   Thumb Code     2  startup_tm4c129.o(.text)
    GPIOJ_Handler                            0x00005f05   Thumb Code     2  startup_tm4c129.o(.text)
    GPIOK_Handler                            0x00005f07   Thumb Code     2  startup_tm4c129.o(.text)
    GPIOL_Handler                            0x00005f09   Thumb Code     2  startup_tm4c129.o(.text)
    SSI2_Handler                             0x00005f0b   Thumb Code     2  startup_tm4c129.o(.text)
    SSI3_Handler                             0x00005f0d   Thumb Code     2  startup_tm4c129.o(.text)
    UART3_Handler                            0x00005f0f   Thumb Code     2  startup_tm4c129.o(.text)
    UART4_Handler                            0x00005f11   Thumb Code     2  startup_tm4c129.o(.text)
    UART5_Handler                            0x00005f13   Thumb Code     2  startup_tm4c129.o(.text)
    UART6_Handler                            0x00005f15   Thumb Code     2  startup_tm4c129.o(.text)
    UART7_Handler                            0x00005f17   Thumb Code     2  startup_tm4c129.o(.text)
    I2C2_Handler                             0x00005f19   Thumb Code     2  startup_tm4c129.o(.text)
    I2C3_Handler                             0x00005f1b   Thumb Code     2  startup_tm4c129.o(.text)
    TIMER4A_Handler                          0x00005f1d   Thumb Code     2  startup_tm4c129.o(.text)
    TIMER4B_Handler                          0x00005f1f   Thumb Code     2  startup_tm4c129.o(.text)
    TIMER5A_Handler                          0x00005f21   Thumb Code     2  startup_tm4c129.o(.text)
    TIMER5B_Handler                          0x00005f23   Thumb Code     2  startup_tm4c129.o(.text)
    WTIMER0A_Handler                         0x00005f25   Thumb Code     2  startup_tm4c129.o(.text)
    WTIMER0B_Handler                         0x00005f27   Thumb Code     2  startup_tm4c129.o(.text)
    WTIMER1A_Handler                         0x00005f29   Thumb Code     2  startup_tm4c129.o(.text)
    WTIMER1B_Handler                         0x00005f2b   Thumb Code     2  startup_tm4c129.o(.text)
    WTIMER2A_Handler                         0x00005f2d   Thumb Code     2  startup_tm4c129.o(.text)
    WTIMER2B_Handler                         0x00005f2f   Thumb Code     2  startup_tm4c129.o(.text)
    WTIMER3A_Handler                         0x00005f31   Thumb Code     2  startup_tm4c129.o(.text)
    WTIMER3B_Handler                         0x00005f33   Thumb Code     2  startup_tm4c129.o(.text)
    WTIMER4A_Handler                         0x00005f35   Thumb Code     2  startup_tm4c129.o(.text)
    WTIMER4B_Handler                         0x00005f37   Thumb Code     2  startup_tm4c129.o(.text)
    WTIMER5A_Handler                         0x00005f39   Thumb Code     2  startup_tm4c129.o(.text)
    WTIMER5B_Handler                         0x00005f3b   Thumb Code     2  startup_tm4c129.o(.text)
    FPU_Handler                              0x00005f3d   Thumb Code     2  startup_tm4c129.o(.text)
    I2C4_Handler                             0x00005f3f   Thumb Code     2  startup_tm4c129.o(.text)
    I2C5_Handler                             0x00005f41   Thumb Code     2  startup_tm4c129.o(.text)
    GPIOM_Handler                            0x00005f43   Thumb Code     2  startup_tm4c129.o(.text)
    GPION_Handler                            0x00005f45   Thumb Code     2  startup_tm4c129.o(.text)
    TAMPER_Handler                           0x00005f47   Thumb Code     2  startup_tm4c129.o(.text)
    GPIOP0_Handler                           0x00005f49   Thumb Code     2  startup_tm4c129.o(.text)
    GPIOP1_Handler                           0x00005f4b   Thumb Code     2  startup_tm4c129.o(.text)
    GPIOP2_Handler                           0x00005f4d   Thumb Code     2  startup_tm4c129.o(.text)
    GPIOP3_Handler                           0x00005f4f   Thumb Code     2  startup_tm4c129.o(.text)
    GPIOP4_Handler                           0x00005f51   Thumb Code     2  startup_tm4c129.o(.text)
    GPIOP5_Handler                           0x00005f53   Thumb Code     2  startup_tm4c129.o(.text)
    GPIOP6_Handler                           0x00005f55   Thumb Code     2  startup_tm4c129.o(.text)
    GPIOP7_Handler                           0x00005f57   Thumb Code     2  startup_tm4c129.o(.text)
    GPIOQ0_Handler                           0x00005f59   Thumb Code     2  startup_tm4c129.o(.text)
    GPIOQ1_Handler                           0x00005f5b   Thumb Code     2  startup_tm4c129.o(.text)
    GPIOQ2_Handler                           0x00005f5d   Thumb Code     2  startup_tm4c129.o(.text)
    GPIOQ3_Handler                           0x00005f5f   Thumb Code     2  startup_tm4c129.o(.text)
    GPIOQ4_Handler                           0x00005f61   Thumb Code     2  startup_tm4c129.o(.text)
    GPIOQ5_Handler                           0x00005f63   Thumb Code     2  startup_tm4c129.o(.text)
    GPIOQ6_Handler                           0x00005f65   Thumb Code     2  startup_tm4c129.o(.text)
    GPIOQ7_Handler                           0x00005f67   Thumb Code     2  startup_tm4c129.o(.text)
    GPIOR_Handler                            0x00005f69   Thumb Code     2  startup_tm4c129.o(.text)
    GPIOS_Handler                            0x00005f6b   Thumb Code     2  startup_tm4c129.o(.text)
    SHAMD5_Handler                           0x00005f6d   Thumb Code     2  startup_tm4c129.o(.text)
    AES_Handler                              0x00005f6f   Thumb Code     2  startup_tm4c129.o(.text)
    DES3DES_Handler                          0x00005f71   Thumb Code     2  startup_tm4c129.o(.text)
    LCDCONTROLLER_Handler                    0x00005f73   Thumb Code     2  startup_tm4c129.o(.text)
    TIMER6A_Handler                          0x00005f75   Thumb Code     2  startup_tm4c129.o(.text)
    TIMER6B_Handler                          0x00005f77   Thumb Code     2  startup_tm4c129.o(.text)
    TIMER7A_Handler                          0x00005f79   Thumb Code     2  startup_tm4c129.o(.text)
    TIMER7B_Handler                          0x00005f7b   Thumb Code     2  startup_tm4c129.o(.text)
    I2C6_Handler                             0x00005f7d   Thumb Code     2  startup_tm4c129.o(.text)
    I2C7_Handler                             0x00005f7f   Thumb Code     2  startup_tm4c129.o(.text)
    HIMSCANKEYBOARD_Handler                  0x00005f81   Thumb Code     2  startup_tm4c129.o(.text)
    ONEWIRE_Handler                          0x00005f83   Thumb Code     2  startup_tm4c129.o(.text)
    HIMPS2_Handler                           0x00005f85   Thumb Code     2  startup_tm4c129.o(.text)
    HIMLEDSEQUENCER_Handler                  0x00005f87   Thumb Code     2  startup_tm4c129.o(.text)
    HIMCONSUMERIR_Handler                    0x00005f89   Thumb Code     2  startup_tm4c129.o(.text)
    I2C8_Handler                             0x00005f8b   Thumb Code     2  startup_tm4c129.o(.text)
    I2C9_Handler                             0x00005f8d   Thumb Code     2  startup_tm4c129.o(.text)
    GPIOT_Handler                            0x00005f8f   Thumb Code     2  startup_tm4c129.o(.text)
    __user_initial_stackheap                 0x00005f91   Thumb Code     0  startup_tm4c129.o(.text)
    SystemCoreClockUpdate                    0x00005fb1   Thumb Code     8  system_tm4c129.o(.text)
    SystemInit                               0x00005fb9   Thumb Code    20  system_tm4c129.o(.text)
    __aeabi_memcpy4                          0x00005fd9   Thumb Code     0  rt_memcpy_w.o(.text)
    __aeabi_memcpy8                          0x00005fd9   Thumb Code     0  rt_memcpy_w.o(.text)
    __rt_memcpy_w                            0x00005fd9   Thumb Code   100  rt_memcpy_w.o(.text)
    _memcpy_lastbytes_aligned                0x00006021   Thumb Code     0  rt_memcpy_w.o(.text)
    __aeabi_memclr4                          0x0000603d   Thumb Code     0  rt_memclr_w.o(.text)
    __aeabi_memclr8                          0x0000603d   Thumb Code     0  rt_memclr_w.o(.text)
    __rt_memclr_w                            0x0000603d   Thumb Code    78  rt_memclr_w.o(.text)
    _memset_w                                0x00006041   Thumb Code     0  rt_memclr_w.o(.text)
    __use_two_region_memory                  0x0000608b   Thumb Code     2  heapauxi.o(.text)
    __rt_heap_escrow$2region                 0x0000608d   Thumb Code     2  heapauxi.o(.text)
    __rt_heap_expand$2region                 0x0000608f   Thumb Code     2  heapauxi.o(.text)
    __user_setup_stackheap                   0x00006091   Thumb Code    74  sys_stackheap_outer.o(.text)
    exit                                     0x000060db   Thumb Code    18  exit.o(.text)
    __user_libspace                          0x000060ed   Thumb Code     8  libspace.o(.text)
    __user_perproc_libspace                  0x000060ed   Thumb Code     0  libspace.o(.text)
    __user_perthread_libspace                0x000060ed   Thumb Code     0  libspace.o(.text)
    _sys_exit                                0x000060f5   Thumb Code     8  sys_exit.o(.text)
    __I$use$semihosting                      0x00006101   Thumb Code     0  use_no_semi.o(.text)
    __use_no_semihosting_swi                 0x00006101   Thumb Code     2  use_no_semi.o(.text)
    __semihosting_library_function           0x00006103   Thumb Code     0  indicate_semi.o(.text)
    fpcopy503                                0x00006103   Thumb Code    22  fpx.o(i.fpcopy503)
    fpzero503                                0x00006119   Thumb Code    20  fpx.o(i.fpzero503)
    _fp_init                                 0x0000612d   Thumb Code    10  fpinit.o(x$fpl$fpinit)
    __fplib_config_fpu_vfp                   0x00006135   Thumb Code     0  fpinit.o(x$fpl$fpinit)
    __fplib_config_pureend_doubles           0x00006135   Thumb Code     0  fpinit.o(x$fpl$fpinit)
    p503                                     0x00006138   Data          64  p503.o(.constdata)
    p503p1                                   0x00006178   Data          64  p503.o(.constdata)
    p503x2                                   0x000061b8   Data          64  p503.o(.constdata)
    Alice_order                              0x000061f8   Data          32  p503.o(.constdata)
    Bob_order                                0x00006218   Data          32  p503.o(.constdata)
    A_gen                                    0x00006238   Data         320  p503.o(.constdata)
    B_gen                                    0x00006378   Data         320  p503.o(.constdata)
    Montgomery_R2                            0x000064b8   Data          64  p503.o(.constdata)
    Montgomery_one                           0x000064f8   Data          64  p503.o(.constdata)
    Montgomery_Rprime                        0x00006538   Data          32  p503.o(.constdata)
    Montgomery_rprime                        0x00006558   Data          32  p503.o(.constdata)
    Border_div3                              0x00006578   Data          64  p503.o(.constdata)
    strat_Alice                              0x000065b8   Data         496  p503.o(.constdata)
    strat_Bob                                0x000067a8   Data         632  p503.o(.constdata)
    Region$$Table$$Base                      0x00006a20   Number         0  anon$$obj.o(Region$$Table)
    Region$$Table$$Limit                     0x00006a40   Number         0  anon$$obj.o(Region$$Table)
    SystemCoreClock                          0x20000000   Data           4  system_tm4c129.o(.data)
    __libspace_start                         0x20000004   Data          96  libspace.o(.bss)
    __temporary_stack_top$libspace           0x20000064   Data           0  libspace.o(.bss)



==============================================================================

Memory Map of the image

  Image Entry point : 0x00000201

  Load Region LR_IROM1 (Base: 0x00000000, Size: 0x00006a44, Max: 0x00100000, ABSOLUTE)

    Execution Region ER_IROM1 (Exec base: 0x00000000, Load base: 0x00000000, Size: 0x00006a40, Max: 0x00100000, ABSOLUTE)

    Exec Addr    Load Addr    Size         Type   Attr      Idx    E Section Name        Object

    0x00000000   0x00000000   0x00000200   Data   RO          196    RESET               startup_tm4c129.o
    0x00000200   0x00000200   0x00000008   Code   RO          266  * !!!main             c_w.l(__main.o)
    0x00000208   0x00000208   0x00000034   Code   RO          433    !!!scatter          c_w.l(__scatter.o)
    0x0000023c   0x0000023c   0x0000001a   Code   RO          435    !!handler_copy      c_w.l(__scatter_copy.o)
    0x00000256   0x00000256   0x00000002   PAD
    0x00000258   0x00000258   0x0000001c   Code   RO          437    !!handler_zi        c_w.l(__scatter_zi.o)
    0x00000274   0x00000274   0x00000002   Code   RO          303    .ARM.Collect$$libinit$$00000000  c_w.l(libinit.o)
    0x00000276   0x00000276   0x00000004   Code   RO          315    .ARM.Collect$$libinit$$00000001  c_w.l(libinit2.o)
    0x0000027a   0x0000027a   0x00000000   Code   RO          318    .ARM.Collect$$libinit$$00000004  c_w.l(libinit2.o)
    0x0000027a   0x0000027a   0x00000000   Code   RO          321    .ARM.Collect$$libinit$$0000000A  c_w.l(libinit2.o)
    0x0000027a   0x0000027a   0x00000000   Code   RO          323    .ARM.Collect$$libinit$$0000000C  c_w.l(libinit2.o)
    0x0000027a   0x0000027a   0x00000000   Code   RO          325    .ARM.Collect$$libinit$$0000000E  c_w.l(libinit2.o)
    0x0000027a   0x0000027a   0x00000000   Code   RO          328    .ARM.Collect$$libinit$$00000011  c_w.l(libinit2.o)
    0x0000027a   0x0000027a   0x00000000   Code   RO          330    .ARM.Collect$$libinit$$00000013  c_w.l(libinit2.o)
    0x0000027a   0x0000027a   0x00000000   Code   RO          332    .ARM.Collect$$libinit$$00000015  c_w.l(libinit2.o)
    0x0000027a   0x0000027a   0x00000000   Code   RO          334    .ARM.Collect$$libinit$$00000017  c_w.l(libinit2.o)
    0x0000027a   0x0000027a   0x00000000   Code   RO          336    .ARM.Collect$$libinit$$00000019  c_w.l(libinit2.o)
    0x0000027a   0x0000027a   0x00000000   Code   RO          338    .ARM.Collect$$libinit$$0000001B  c_w.l(libinit2.o)
    0x0000027a   0x0000027a   0x00000000   Code   RO          340    .ARM.Collect$$libinit$$0000001D  c_w.l(libinit2.o)
    0x0000027a   0x0000027a   0x00000000   Code   RO          342    .ARM.Collect$$libinit$$0000001F  c_w.l(libinit2.o)
    0x0000027a   0x0000027a   0x00000000   Code   RO          344    .ARM.Collect$$libinit$$00000021  c_w.l(libinit2.o)
    0x0000027a   0x0000027a   0x00000000   Code   RO          346    .ARM.Collect$$libinit$$00000023  c_w.l(libinit2.o)
    0x0000027a   0x0000027a   0x00000000   Code   RO          348    .ARM.Collect$$libinit$$00000025  c_w.l(libinit2.o)
    0x0000027a   0x0000027a   0x00000000   Code   RO          352    .ARM.Collect$$libinit$$0000002C  c_w.l(libinit2.o)
    0x0000027a   0x0000027a   0x00000000   Code   RO          354    .ARM.Collect$$libinit$$0000002E  c_w.l(libinit2.o)
    0x0000027a   0x0000027a   0x00000000   Code   RO          356    .ARM.Collect$$libinit$$00000030  c_w.l(libinit2.o)
    0x0000027a   0x0000027a   0x00000000   Code   RO          358    .ARM.Collect$$libinit$$00000032  c_w.l(libinit2.o)
    0x0000027a   0x0000027a   0x00000002   Code   RO          359    .ARM.Collect$$libinit$$00000033  c_w.l(libinit2.o)
    0x0000027c   0x0000027c   0x00000002   Code   RO          390    .ARM.Collect$$libshutdown$$00000000  c_w.l(libshutdown.o)
    0x0000027e   0x0000027e   0x00000000   Code   RO          416    .ARM.Collect$$libshutdown$$00000002  c_w.l(libshutdown2.o)
    0x0000027e   0x0000027e   0x00000000   Code   RO          418    .ARM.Collect$$libshutdown$$00000004  c_w.l(libshutdown2.o)
    0x0000027e   0x0000027e   0x00000000   Code   RO          421    .ARM.Collect$$libshutdown$$00000007  c_w.l(libshutdown2.o)
    0x0000027e   0x0000027e   0x00000000   Code   RO          424    .ARM.Collect$$libshutdown$$0000000A  c_w.l(libshutdown2.o)
    0x0000027e   0x0000027e   0x00000000   Code   RO          426    .ARM.Collect$$libshutdown$$0000000C  c_w.l(libshutdown2.o)
    0x0000027e   0x0000027e   0x00000000   Code   RO          429    .ARM.Collect$$libshutdown$$0000000F  c_w.l(libshutdown2.o)
    0x0000027e   0x0000027e   0x00000002   Code   RO          430    .ARM.Collect$$libshutdown$$00000010  c_w.l(libshutdown2.o)
    0x00000280   0x00000280   0x00000000   Code   RO          268    .ARM.Collect$$rtentry$$00000000  c_w.l(__rtentry.o)
    0x00000280   0x00000280   0x00000000   Code   RO          274    .ARM.Collect$$rtentry$$00000002  c_w.l(__rtentry2.o)
    0x00000280   0x00000280   0x00000006   Code   RO          286    .ARM.Collect$$rtentry$$00000004  c_w.l(__rtentry4.o)
    0x00000286   0x00000286   0x00000000   Code   RO          276    .ARM.Collect$$rtentry$$00000009  c_w.l(__rtentry2.o)
    0x00000286   0x00000286   0x00000004   Code   RO          277    .ARM.Collect$$rtentry$$0000000A  c_w.l(__rtentry2.o)
    0x0000028a   0x0000028a   0x00000000   Code   RO          279    .ARM.Collect$$rtentry$$0000000C  c_w.l(__rtentry2.o)
    0x0000028a   0x0000028a   0x00000008   Code   RO          280    .ARM.Collect$$rtentry$$0000000D  c_w.l(__rtentry2.o)
    0x00000292   0x00000292   0x00000002   Code   RO          307    .ARM.Collect$$rtexit$$00000000  c_w.l(rtexit.o)
    0x00000294   0x00000294   0x00000000   Code   RO          363    .ARM.Collect$$rtexit$$00000002  c_w.l(rtexit2.o)
    0x00000294   0x00000294   0x00000004   Code   RO          364    .ARM.Collect$$rtexit$$00000003  c_w.l(rtexit2.o)
    0x00000298   0x00000298   0x00000006   Code   RO          365    .ARM.Collect$$rtexit$$00000004  c_w.l(rtexit2.o)
    0x0000029e   0x0000029e   0x00000002   PAD
    0x000002a0   0x000002a0   0x00000178   Code   RO          185    .test1              test_mul.o
    0x00000418   0x00000418   0x00000556   Code   RO          190    .test1              mul.o
    0x0000096e   0x0000096e   0x00000002   PAD
    0x00000970   0x00000970   0x000000e0   Code   RO            1    .text               main.o
    0x00000a50   0x00000a50   0x00003914   Code   RO           50    .text               fp_generic.o
    0x00004364   0x00004364   0x000009d8   Code   RO           81    .text               fpx.o
    0x00004d3c   0x00004d3c   0x0000087c   Code   RO          109    .text               ec_isogeny.o
    0x000055b8   0x000055b8   0x000008c4   Code   RO          122    .text               sidh.o
    0x00005e7c   0x00005e7c   0x00000006   Code   RO          153    .text               random.o
    0x00005e82   0x00005e82   0x00000002   PAD
    0x00005e84   0x00005e84   0x0000012c   Code   RO          197    .text               startup_tm4c129.o
    0x00005fb0   0x00005fb0   0x00000028   Code   RO          204    .text               system_tm4c129.o
    0x00005fd8   0x00005fd8   0x00000064   Code   RO          260    .text               c_w.l(rt_memcpy_w.o)
    0x0000603c   0x0000603c   0x0000004e   Code   RO          262    .text               c_w.l(rt_memclr_w.o)
    0x0000608a   0x0000608a   0x00000006   Code   RO          264    .text               c_w.l(heapauxi.o)
    0x00006090   0x00006090   0x0000004a   Code   RO          290    .text               c_w.l(sys_stackheap_outer.o)
    0x000060da   0x000060da   0x00000012   Code   RO          292    .text               c_w.l(exit.o)
    0x000060ec   0x000060ec   0x00000008   Code   RO          304    .text               c_w.l(libspace.o)
    0x000060f4   0x000060f4   0x0000000c   Code   RO          360    .text               c_w.l(sys_exit.o)
    0x00006100   0x00006100   0x00000002   Code   RO          379    .text               c_w.l(use_no_semi.o)
    0x00006102   0x00006102   0x00000000   Code   RO          381    .text               c_w.l(indicate_semi.o)
    0x00006102   0x00006102   0x00000016   Code   RO           90    i.fpcopy503         fpx.o
    0x00006118   0x00006118   0x00000014   Code   RO           96    i.fpzero503         fpx.o
    0x0000612c   0x0000612c   0x0000000a   Code   RO          375    x$fpl$fpinit        fz_wm.l(fpinit.o)
    0x00006136   0x00006136   0x00000002   PAD
    0x00006138   0x00006138   0x000008e8   Data   RO           72    .constdata          p503.o
    0x00006a20   0x00006a20   0x00000020   Data   RO          431    Region$$Table       anon$$obj.o


    Execution Region RW_IRAM1 (Exec base: 0x20000000, Load base: 0x00006a40, Size: 0x00008068, Max: 0x00040000, ABSOLUTE)

    Exec Addr    Load Addr    Size         Type   Attr      Idx    E Section Name        Object

    0x20000000   0x00006a40   0x00000004   Data   RW          205    .data               system_tm4c129.o
    0x20000004        -       0x00000060   Zero   RW          305    .bss                c_w.l(libspace.o)
    0x20000064   0x00006a44   0x00000004   PAD
    0x20000068        -       0x00000000   Zero   RW          195    HEAP                startup_tm4c129.o
    0x20000068        -       0x00008000   Zero   RW          194    STACK               startup_tm4c129.o


==============================================================================

Image component sizes


      Code (inc. data)   RO Data    RW Data    ZI Data      Debug   Object Name

      2172          6          0          0          0       6778   ec_isogeny.o
     14612         64          0          0          0      14061   fp_generic.o
      2562         10          0          0          0      10879   fpx.o
       224         64          0          0          0      10613   main.o
      1366          0          0          0          0       1020   mul.o
         0          0       2280          0          0       1122   p503.o
         6          0          0          0          0        574   random.o
      2244         34          0          0          0       5984   sidh.o
       300         22        512          0      32768       6032   startup_tm4c129.o
        40         12          0          4          0        885   system_tm4c129.o
       376          0          0          0          0        728   test_mul.o

    ----------------------------------------------------------------------
     23906        212       2824          4      32768      58676   Object Totals
         0          0         32          0          0          0   (incl. Generated)
         4          0          0          0          0          0   (incl. Padding)

    ----------------------------------------------------------------------

      Code (inc. data)   RO Data    RW Data    ZI Data      Debug   Library Member Name

         8          0          0          0          0         68   __main.o
         0          0          0          0          0          0   __rtentry.o
        12          0          0          0          0          0   __rtentry2.o
         6          0          0          0          0          0   __rtentry4.o
        52          8          0          0          0          0   __scatter.o
        26          0          0          0          0          0   __scatter_copy.o
        28          0          0          0          0          0   __scatter_zi.o
        18          0          0          0          0         80   exit.o
         6          0          0          0          0        152   heapauxi.o
         0          0          0          0          0          0   indicate_semi.o
         2          0          0          0          0          0   libinit.o
         6          0          0          0          0          0   libinit2.o
         2          0          0          0          0          0   libshutdown.o
         2          0          0          0          0          0   libshutdown2.o
         8          4          0          0         96         68   libspace.o
        78          0          0          0          0         80   rt_memclr_w.o
       100          0          0          0          0         80   rt_memcpy_w.o
         2          0          0          0          0          0   rtexit.o
        10          0          0          0          0          0   rtexit2.o
        12          4          0          0          0         68   sys_exit.o
        74          0          0          0          0         80   sys_stackheap_outer.o
         2          0          0          0          0         68   use_no_semi.o
        10          0          0          0          0        116   fpinit.o

    ----------------------------------------------------------------------
       470         16          0          0        100        860   Library Totals
         6          0          0          0          4          0   (incl. Padding)

    ----------------------------------------------------------------------

      Code (inc. data)   RO Data    RW Data    ZI Data      Debug   Library Name

       454         16          0          0         96        744   c_w.l
        10          0          0          0          0        116   fz_wm.l

    ----------------------------------------------------------------------
       470         16          0          0        100        860   Library Totals

    ----------------------------------------------------------------------

==============================================================================


      Code (inc. data)   RO Data    RW Data    ZI Data      Debug   

     24376        228       2824          4      32868      58276   Grand Totals
     24376        228       2824          4      32868      58276   ELF Image Totals
     24376        228       2824          4          0          0   ROM Totals

==============================================================================

    Total RO  Size (Code + RO Data)                27200 (  26.56kB)
    Total RW  Size (RW Data + ZI Data)             32872 (  32.10kB)
    Total ROM Size (Code + RO Data + RW Data)      27204 (  26.57kB)

==============================================================================

