Component: ARM Compiler 5.06 update 6 (build 750) Tool: armlink [4d35ed]

==============================================================================

Section Cross References

    main.o(.text) refers to mul.o(.test1) for multiply256x256_asm
    main.o(.text) refers to test_mul.o(.test1) for test_low_mid
    main.o(.text) refers to rt_memcpy_w.o(.text) for __aeabi_memcpy4
    main.o(.text) refers to sidh.o(.text) for EphemeralKeyGeneration_A_SIDHp503
    fp_generic.o(.text) refers to p503.o(.constdata) for p503x2
    fp_generic.o(.text) refers to fpx.o(.text) for mp_shiftr1
    fp_generic.o(.text) refers to test_mul.o(.test1) for multiply32x32_asm_m4
    fp_generic.o(.text) refers to p503.o(.constdata) for p503
    fp_generic.o(.text) refers to p503.o(.constdata) for p503p1
    fpx.o(.text) refers to rt_memclr_w.o(.text) for __aeabi_memclr4
    fpx.o(.text) refers to main.o(.text) for multi_testing
    fpx.o(.text) refers to fp_generic.o(.text) for rdc_mont
    fpx.o(.text) refers to fpx.o(i.fpcopy503) for fpcopy503
    fpx.o(.text) refers to p503.o(.constdata) for Montgomery_R2
    fpx.o(.text) refers to fpx.o(i.fpzero503) for fpzero503
    fpx.o(.text) refers to p503.o(.constdata) for p503
    ec_isogeny.o(.text) refers to fpx.o(.text) for fp2sub503
    ec_isogeny.o(.text) refers to rt_memclr_w.o(.text) for __aeabi_memclr4
    ec_isogeny.o(.text) refers to fpx.o(i.fpcopy503) for fpcopy503
    ec_isogeny.o(.text) refers to fpx.o(i.fpzero503) for fpzero503
    ec_isogeny.o(.text) refers to p503.o(.constdata) for Montgomery_one
    sidh.o(.text) refers to fpx.o(i.fpcopy503) for fpcopy503
    sidh.o(.text) refers to fpx.o(i.fpzero503) for fpzero503
    sidh.o(.text) refers to fpx.o(.text) for to_fp2mont
    sidh.o(.text) refers to random.o(.text) for randombytes
    sidh.o(.text) refers to rt_memclr_w.o(.text) for __aeabi_memclr4
    sidh.o(.text) refers to ec_isogeny.o(.text) for LADDER3PT
    sidh.o(.text) refers to p503.o(.constdata) for A_gen
    sidh.o(.text) refers to p503.o(.constdata) for B_gen
    sidh.o(.text) refers to p503.o(.constdata) for Montgomery_one
    sidh.o(.text) refers to p503.o(.constdata) for strat_Alice
    sidh.o(.text) refers to p503.o(.constdata) for strat_Bob
    sidh.o(.text) refers to fp_generic.o(.text) for fpadd503
    sike.o(.text) refers to random.o(.text) for randombytes
    sike.o(.text) refers to sidh.o(.text) for random_mod_order_B_SIDHp503
    sike.o(.text) refers to rt_memcpy_v6.o(.text) for __aeabi_memcpy
    sike.o(.text) refers to fips202.o(.text) for cshake256_simple
    sike.o(.text) refers to memcmp.o(.text) for memcmp
    fips202.o(.text) refers to llshl.o(.text) for __aeabi_llsl
    fips202.o(.text) refers to fips202.o(.constdata) for .constdata
    fips202.o(.text) refers to rt_memclr_w.o(.text) for __aeabi_memclr4
    fips202.o(.text) refers to lludivv7m.o(.text) for __aeabi_uldivmod
    retarget_io.o(.text) refers to strcmpv7m.o(.text) for strcmp
    retarget_io.o(.text) refers to retarget_io.o(.data) for .data
    startup_tm4c129.o(STACK) refers (Special) to heapauxi.o(.text) for __use_two_region_memory
    startup_tm4c129.o(HEAP) refers (Special) to heapauxi.o(.text) for __use_two_region_memory
    startup_tm4c129.o(RESET) refers (Special) to heapauxi.o(.text) for __use_two_region_memory
    startup_tm4c129.o(RESET) refers to startup_tm4c129.o(STACK) for __initial_sp
    startup_tm4c129.o(RESET) refers to startup_tm4c129.o(.text) for Reset_Handler
    startup_tm4c129.o(.text) refers (Special) to heapauxi.o(.text) for __use_two_region_memory
    startup_tm4c129.o(.text) refers to system_tm4c129.o(.text) for SystemInit
    startup_tm4c129.o(.text) refers to __main.o(!!!main) for __main
    startup_tm4c129.o(.text) refers to startup_tm4c129.o(HEAP) for Heap_Mem
    startup_tm4c129.o(.text) refers to startup_tm4c129.o(STACK) for Stack_Mem
    system_tm4c129.o(.text) refers to system_tm4c129.o(.data) for .data
    rt_memcpy_v6.o(.text) refers to rt_memcpy_w.o(.text) for __aeabi_memcpy4
    __main.o(!!!main) refers to __rtentry.o(.ARM.Collect$$rtentry$$00000000) for __rt_entry
    __rtentry.o(.ARM.Collect$$rtentry$$00000000) refers (Special) to __rtentry2.o(.ARM.Collect$$rtentry$$0000000A) for __rt_entry_li
    __rtentry.o(.ARM.Collect$$rtentry$$00000000) refers (Special) to __rtentry2.o(.ARM.Collect$$rtentry$$0000000D) for __rt_entry_main
    __rtentry.o(.ARM.Collect$$rtentry$$00000000) refers (Special) to __rtentry2.o(.ARM.Collect$$rtentry$$0000000C) for __rt_entry_postli_1
    __rtentry.o(.ARM.Collect$$rtentry$$00000000) refers (Special) to __rtentry2.o(.ARM.Collect$$rtentry$$00000009) for __rt_entry_postsh_1
    __rtentry.o(.ARM.Collect$$rtentry$$00000000) refers (Special) to __rtentry2.o(.ARM.Collect$$rtentry$$00000002) for __rt_entry_presh_1
    __rtentry.o(.ARM.Collect$$rtentry$$00000000) refers (Special) to __rtentry4.o(.ARM.Collect$$rtentry$$00000004) for __rt_entry_sh
    aeabi_ldiv0_sigfpe.o(.text) refers to rt_div0.o(.text) for __rt_div0
    __rtentry2.o(.ARM.Collect$$rtentry$$00000008) refers to boardinit2.o(.text) for _platform_post_stackheap_init
    __rtentry2.o(.ARM.Collect$$rtentry$$0000000A) refers to libinit.o(.ARM.Collect$$libinit$$00000000) for __rt_lib_init
    __rtentry2.o(.ARM.Collect$$rtentry$$0000000B) refers to boardinit3.o(.text) for _platform_post_lib_init
    __rtentry2.o(.ARM.Collect$$rtentry$$0000000D) refers to main.o(.text) for main
    __rtentry2.o(.ARM.Collect$$rtentry$$0000000D) refers to exit.o(.text) for exit
    __rtentry2.o(.ARM.exidx) refers to __rtentry2.o(.ARM.Collect$$rtentry$$00000001) for .ARM.Collect$$rtentry$$00000001
    __rtentry2.o(.ARM.exidx) refers to __rtentry2.o(.ARM.Collect$$rtentry$$00000008) for .ARM.Collect$$rtentry$$00000008
    __rtentry2.o(.ARM.exidx) refers to __rtentry2.o(.ARM.Collect$$rtentry$$0000000A) for .ARM.Collect$$rtentry$$0000000A
    __rtentry2.o(.ARM.exidx) refers to __rtentry2.o(.ARM.Collect$$rtentry$$0000000B) for .ARM.Collect$$rtentry$$0000000B
    __rtentry2.o(.ARM.exidx) refers to __rtentry2.o(.ARM.Collect$$rtentry$$0000000D) for .ARM.Collect$$rtentry$$0000000D
    __rtentry4.o(.ARM.Collect$$rtentry$$00000004) refers to sys_stackheap_outer.o(.text) for __user_setup_stackheap
    __rtentry4.o(.ARM.exidx) refers to __rtentry4.o(.ARM.Collect$$rtentry$$00000004) for .ARM.Collect$$rtentry$$00000004
    rt_div0.o(.text) refers to defsig_fpe_outer.o(.text) for __rt_SIGFPE
    sys_stackheap_outer.o(.text) refers to libspace.o(.text) for __user_perproc_libspace
    sys_stackheap_outer.o(.text) refers to startup_tm4c129.o(.text) for __user_initial_stackheap
    exit.o(.text) refers to rtexit.o(.ARM.Collect$$rtexit$$00000000) for __rt_exit
    defsig_fpe_outer.o(.text) refers to defsig_fpe_inner.o(.text) for __rt_SIGFPE_inner
    defsig_fpe_outer.o(.text) refers to defsig_exit.o(.text) for __sig_exit
    defsig_fpe_formal.o(.text) refers to rt_raise.o(.text) for __rt_raise
    libinit.o(.ARM.Collect$$libinit$$00000000) refers (Special) to libinit2.o(.ARM.Collect$$libinit$$0000002E) for __rt_lib_init_alloca_1
    libinit.o(.ARM.Collect$$libinit$$00000000) refers (Special) to libinit2.o(.ARM.Collect$$libinit$$0000002C) for __rt_lib_init_argv_1
    libinit.o(.ARM.Collect$$libinit$$00000000) refers (Special) to libinit2.o(.ARM.Collect$$libinit$$0000001B) for __rt_lib_init_atexit_1
    libinit.o(.ARM.Collect$$libinit$$00000000) refers (Special) to libinit2.o(.ARM.Collect$$libinit$$00000021) for __rt_lib_init_clock_1
    libinit.o(.ARM.Collect$$libinit$$00000000) refers (Special) to libinit2.o(.ARM.Collect$$libinit$$00000032) for __rt_lib_init_cpp_1
    libinit.o(.ARM.Collect$$libinit$$00000000) refers (Special) to libinit2.o(.ARM.Collect$$libinit$$00000030) for __rt_lib_init_exceptions_1
    libinit.o(.ARM.Collect$$libinit$$00000000) refers (Special) to libinit2.o(.ARM.Collect$$libinit$$00000001) for __rt_lib_init_fp_1
    libinit.o(.ARM.Collect$$libinit$$00000000) refers (Special) to libinit2.o(.ARM.Collect$$libinit$$0000001F) for __rt_lib_init_fp_trap_1
    libinit.o(.ARM.Collect$$libinit$$00000000) refers (Special) to libinit2.o(.ARM.Collect$$libinit$$00000023) for __rt_lib_init_getenv_1
    libinit.o(.ARM.Collect$$libinit$$00000000) refers (Special) to libinit2.o(.ARM.Collect$$libinit$$0000000A) for __rt_lib_init_heap_1
    libinit.o(.ARM.Collect$$libinit$$00000000) refers (Special) to libinit2.o(.ARM.Collect$$libinit$$00000011) for __rt_lib_init_lc_collate_1
    libinit.o(.ARM.Collect$$libinit$$00000000) refers (Special) to libinit2.o(.ARM.Collect$$libinit$$00000013) for __rt_lib_init_lc_ctype_1
    libinit.o(.ARM.Collect$$libinit$$00000000) refers (Special) to libinit2.o(.ARM.Collect$$libinit$$00000015) for __rt_lib_init_lc_monetary_1
    libinit.o(.ARM.Collect$$libinit$$00000000) refers (Special) to libinit2.o(.ARM.Collect$$libinit$$00000017) for __rt_lib_init_lc_numeric_1
    libinit.o(.ARM.Collect$$libinit$$00000000) refers (Special) to libinit2.o(.ARM.Collect$$libinit$$00000019) for __rt_lib_init_lc_time_1
    libinit.o(.ARM.Collect$$libinit$$00000000) refers (Special) to libinit2.o(.ARM.Collect$$libinit$$00000004) for __rt_lib_init_preinit_1
    libinit.o(.ARM.Collect$$libinit$$00000000) refers (Special) to libinit2.o(.ARM.Collect$$libinit$$0000000E) for __rt_lib_init_rand_1
    libinit.o(.ARM.Collect$$libinit$$00000000) refers (Special) to libinit2.o(.ARM.Collect$$libinit$$00000033) for __rt_lib_init_return
    libinit.o(.ARM.Collect$$libinit$$00000000) refers (Special) to libinit2.o(.ARM.Collect$$libinit$$0000001D) for __rt_lib_init_signal_1
    libinit.o(.ARM.Collect$$libinit$$00000000) refers (Special) to libinit2.o(.ARM.Collect$$libinit$$00000025) for __rt_lib_init_stdio_1
    libinit.o(.ARM.Collect$$libinit$$00000000) refers (Special) to libinit2.o(.ARM.Collect$$libinit$$0000000C) for __rt_lib_init_user_alloc_1
    libspace.o(.text) refers to libspace.o(.bss) for __libspace_start
    rtexit.o(.ARM.Collect$$rtexit$$00000000) refers (Special) to rtexit2.o(.ARM.Collect$$rtexit$$00000004) for __rt_exit_exit
    rtexit.o(.ARM.Collect$$rtexit$$00000000) refers (Special) to rtexit2.o(.ARM.Collect$$rtexit$$00000003) for __rt_exit_ls
    rtexit.o(.ARM.Collect$$rtexit$$00000000) refers (Special) to rtexit2.o(.ARM.Collect$$rtexit$$00000002) for __rt_exit_prels_1
    rtexit.o(.ARM.exidx) refers (Special) to rtexit2.o(.ARM.Collect$$rtexit$$00000004) for __rt_exit_exit
    rtexit.o(.ARM.exidx) refers (Special) to rtexit2.o(.ARM.Collect$$rtexit$$00000003) for __rt_exit_ls
    rtexit.o(.ARM.exidx) refers (Special) to rtexit2.o(.ARM.Collect$$rtexit$$00000002) for __rt_exit_prels_1
    rtexit.o(.ARM.exidx) refers to rtexit.o(.ARM.Collect$$rtexit$$00000000) for .ARM.Collect$$rtexit$$00000000
    rt_raise.o(.text) refers to __raise.o(.text) for __raise
    rt_raise.o(.text) refers to sys_exit.o(.text) for _sys_exit
    defsig_exit.o(.text) refers to sys_exit.o(.text) for _sys_exit
    defsig_fpe_inner.o(.text) refers to defsig_general.o(.text) for __default_signal_display
    libinit2.o(.ARM.Collect$$libinit$$00000001) refers to fpinit.o(x$fpl$fpinit) for _fp_init
    libinit2.o(.ARM.Collect$$libinit$$00000010) refers to libinit2.o(.ARM.Collect$$libinit$$0000000F) for .ARM.Collect$$libinit$$0000000F
    libinit2.o(.ARM.Collect$$libinit$$00000012) refers to libinit2.o(.ARM.Collect$$libinit$$0000000F) for .ARM.Collect$$libinit$$0000000F
    libinit2.o(.ARM.Collect$$libinit$$00000014) refers to libinit2.o(.ARM.Collect$$libinit$$0000000F) for .ARM.Collect$$libinit$$0000000F
    libinit2.o(.ARM.Collect$$libinit$$00000016) refers to libinit2.o(.ARM.Collect$$libinit$$0000000F) for .ARM.Collect$$libinit$$0000000F
    libinit2.o(.ARM.Collect$$libinit$$00000018) refers to libinit2.o(.ARM.Collect$$libinit$$0000000F) for .ARM.Collect$$libinit$$0000000F
    libinit2.o(.ARM.Collect$$libinit$$00000026) refers to argv_veneer.o(.emb_text) for __ARM_argv_veneer
    libinit2.o(.ARM.Collect$$libinit$$00000027) refers to argv_veneer.o(.emb_text) for __ARM_argv_veneer
    sys_exit.o(.text) refers (Special) to use_no_semi.o(.text) for __I$use$semihosting
    sys_exit.o(.text) refers (Special) to indicate_semi.o(.text) for __semihosting_library_function
    rtexit2.o(.ARM.Collect$$rtexit$$00000003) refers to libshutdown.o(.ARM.Collect$$libshutdown$$00000000) for __rt_lib_shutdown
    rtexit2.o(.ARM.Collect$$rtexit$$00000004) refers to sys_exit.o(.text) for _sys_exit
    rtexit2.o(.ARM.exidx) refers to rtexit2.o(.ARM.Collect$$rtexit$$00000001) for .ARM.Collect$$rtexit$$00000001
    rtexit2.o(.ARM.exidx) refers to rtexit2.o(.ARM.Collect$$rtexit$$00000003) for .ARM.Collect$$rtexit$$00000003
    rtexit2.o(.ARM.exidx) refers to rtexit2.o(.ARM.Collect$$rtexit$$00000004) for .ARM.Collect$$rtexit$$00000004
    __raise.o(.text) refers to defsig.o(CL$$defsig) for __default_signal_handler
    defsig_general.o(.text) refers to sys_wrch.o(.text) for _ttywrch
    argv_veneer.o(.emb_text) refers to no_argv.o(.text) for __ARM_get_argv
    sys_wrch.o(.text) refers (Special) to use_no_semi.o(.text) for __I$use$semihosting
    sys_wrch.o(.text) refers (Special) to indicate_semi.o(.text) for __semihosting_library_function
    defsig.o(CL$$defsig) refers to defsig_fpe_inner.o(.text) for __rt_SIGFPE_inner
    defsig.o(CL$$defsig) refers to defsig_rtmem_inner.o(.text) for __rt_SIGRTMEM_inner
    _get_argv_nomalloc.o(.text) refers (Special) to hrguard.o(.text) for __heap_region$guard
    _get_argv_nomalloc.o(.text) refers to defsig_rtmem_outer.o(.text) for __rt_SIGRTMEM
    _get_argv_nomalloc.o(.text) refers to sys_command.o(.text) for _sys_command_string
    libshutdown.o(.ARM.Collect$$libshutdown$$00000000) refers (Special) to libshutdown2.o(.ARM.Collect$$libshutdown$$00000002) for __rt_lib_shutdown_cpp_1
    libshutdown.o(.ARM.Collect$$libshutdown$$00000000) refers (Special) to libshutdown2.o(.ARM.Collect$$libshutdown$$00000007) for __rt_lib_shutdown_fp_trap_1
    libshutdown.o(.ARM.Collect$$libshutdown$$00000000) refers (Special) to libshutdown2.o(.ARM.Collect$$libshutdown$$0000000F) for __rt_lib_shutdown_heap_1
    libshutdown.o(.ARM.Collect$$libshutdown$$00000000) refers (Special) to libshutdown2.o(.ARM.Collect$$libshutdown$$00000010) for __rt_lib_shutdown_return
    libshutdown.o(.ARM.Collect$$libshutdown$$00000000) refers (Special) to libshutdown2.o(.ARM.Collect$$libshutdown$$0000000A) for __rt_lib_shutdown_signal_1
    libshutdown.o(.ARM.Collect$$libshutdown$$00000000) refers (Special) to libshutdown2.o(.ARM.Collect$$libshutdown$$00000004) for __rt_lib_shutdown_stdio_1
    libshutdown.o(.ARM.Collect$$libshutdown$$00000000) refers (Special) to libshutdown2.o(.ARM.Collect$$libshutdown$$0000000C) for __rt_lib_shutdown_user_alloc_1
    sys_command.o(.text) refers (Special) to use_no_semi.o(.text) for __I$use$semihosting
    sys_command.o(.text) refers (Special) to indicate_semi.o(.text) for __semihosting_library_function
    defsig_abrt_inner.o(.text) refers to defsig_general.o(.text) for __default_signal_display
    defsig_rtred_inner.o(.text) refers to defsig_general.o(.text) for __default_signal_display
    defsig_rtmem_inner.o(.text) refers to defsig_general.o(.text) for __default_signal_display
    defsig_rtmem_outer.o(.text) refers to defsig_rtmem_inner.o(.text) for __rt_SIGRTMEM_inner
    defsig_rtmem_outer.o(.text) refers to defsig_exit.o(.text) for __sig_exit
    defsig_rtmem_formal.o(.text) refers to rt_raise.o(.text) for __rt_raise
    defsig_stak_inner.o(.text) refers to defsig_general.o(.text) for __default_signal_display
    defsig_pvfn_inner.o(.text) refers to defsig_general.o(.text) for __default_signal_display
    defsig_cppl_inner.o(.text) refers to defsig_general.o(.text) for __default_signal_display
    defsig_segv_inner.o(.text) refers to defsig_general.o(.text) for __default_signal_display
    defsig_other.o(.text) refers to defsig_general.o(.text) for __default_signal_display


==============================================================================

Removing Unused input sections from the image.

    Removing main.o(.bss), (128 bytes).
    Removing main.o(.bss), (128 bytes).
    Removing main.o(.bss), (64 bytes).
    Removing main.o(.bss), (64 bytes).
    Removing main.o(.data), (64 bytes).
    Removing main.o(.data), (64 bytes).
    Removing p503.o(.constdata), (32 bytes).
    Removing p503.o(.constdata), (32 bytes).
    Removing p503.o(.constdata), (32 bytes).
    Removing p503.o(.constdata), (32 bytes).
    Removing p503.o(.constdata), (64 bytes).
    Removing sike.o(.text), (450 bytes).
    Removing fips202.o(.text), (5018 bytes).
    Removing fips202.o(.constdata), (192 bytes).
    Removing retarget_io.o(.text), (324 bytes).
    Removing retarget_io.o(.constdata), (7 bytes).
    Removing retarget_io.o(.constdata), (8 bytes).
    Removing retarget_io.o(.constdata), (8 bytes).
    Removing retarget_io.o(.data), (4 bytes).
    Removing system_tm4c129.o(.rev16_text), (4 bytes).
    Removing system_tm4c129.o(.revsh_text), (4 bytes).
    Removing system_tm4c129.o(.rrx_text), (6 bytes).

22 unused section(s) (total 6729 bytes) removed from the image.

==============================================================================

Image Symbol Table

    Local Symbols

    Symbol Name                              Value     Ov Type        Size  Object(Section)

    RESET                                    0x00000000   Section      512  startup_tm4c129.o(RESET)
    ../clib/angel/boardlib.s                 0x00000000   Number         0  boardshut.o ABSOLUTE
    ../clib/angel/boardlib.s                 0x00000000   Number         0  boardinit3.o ABSOLUTE
    ../clib/angel/boardlib.s                 0x00000000   Number         0  boardinit2.o ABSOLUTE
    ../clib/angel/boardlib.s                 0x00000000   Number         0  boardinit1.o ABSOLUTE
    ../clib/angel/handlers.s                 0x00000000   Number         0  __scatter_zi.o ABSOLUTE
    ../clib/angel/handlers.s                 0x00000000   Number         0  __scatter_copy.o ABSOLUTE
    ../clib/angel/kernel.s                   0x00000000   Number         0  __rtentry2.o ABSOLUTE
    ../clib/angel/kernel.s                   0x00000000   Number         0  rtexit.o ABSOLUTE
    ../clib/angel/kernel.s                   0x00000000   Number         0  __rtentry4.o ABSOLUTE
    ../clib/angel/kernel.s                   0x00000000   Number         0  __rtentry.o ABSOLUTE
    ../clib/angel/kernel.s                   0x00000000   Number         0  rtexit2.o ABSOLUTE
    ../clib/angel/rt.s                       0x00000000   Number         0  aeabi_ldiv0_sigfpe.o ABSOLUTE
    ../clib/angel/rt.s                       0x00000000   Number         0  aeabi_ldiv0.o ABSOLUTE
    ../clib/angel/rt.s                       0x00000000   Number         0  rt_raise.o ABSOLUTE
    ../clib/angel/rt.s                       0x00000000   Number         0  rt_div0.o ABSOLUTE
    ../clib/angel/scatter.s                  0x00000000   Number         0  __scatter.o ABSOLUTE
    ../clib/angel/startup.s                  0x00000000   Number         0  __main.o ABSOLUTE
    ../clib/angel/sys.s                      0x00000000   Number         0  libspace.o ABSOLUTE
    ../clib/angel/sys.s                      0x00000000   Number         0  use_no_semi.o ABSOLUTE
    ../clib/angel/sys.s                      0x00000000   Number         0  sys_stackheap_outer.o ABSOLUTE
    ../clib/angel/sys.s                      0x00000000   Number         0  indicate_semi.o ABSOLUTE
    ../clib/angel/sysapp.c                   0x00000000   Number         0  sys_command.o ABSOLUTE
    ../clib/angel/sysapp.c                   0x00000000   Number         0  sys_wrch.o ABSOLUTE
    ../clib/angel/sysapp.c                   0x00000000   Number         0  sys_exit.o ABSOLUTE
    ../clib/armsys.c                         0x00000000   Number         0  argv_veneer.o ABSOLUTE
    ../clib/armsys.c                         0x00000000   Number         0  argv_veneer.o ABSOLUTE
    ../clib/armsys.c                         0x00000000   Number         0  no_argv.o ABSOLUTE
    ../clib/armsys.c                         0x00000000   Number         0  _get_argv_nomalloc.o ABSOLUTE
    ../clib/heapalloc.c                      0x00000000   Number         0  hrguard.o ABSOLUTE
    ../clib/heapaux.c                        0x00000000   Number         0  heapauxi.o ABSOLUTE
    ../clib/libinit.s                        0x00000000   Number         0  libinit.o ABSOLUTE
    ../clib/libinit.s                        0x00000000   Number         0  libshutdown2.o ABSOLUTE
    ../clib/libinit.s                        0x00000000   Number         0  libshutdown.o ABSOLUTE
    ../clib/libinit.s                        0x00000000   Number         0  libinit2.o ABSOLUTE
    ../clib/longlong.s                       0x00000000   Number         0  llshl.o ABSOLUTE
    ../clib/longlong.s                       0x00000000   Number         0  lludivv7m.o ABSOLUTE
    ../clib/memcpset.s                       0x00000000   Number         0  rt_memcpy_w.o ABSOLUTE
    ../clib/memcpset.s                       0x00000000   Number         0  rt_memcpy_v6.o ABSOLUTE
    ../clib/memcpset.s                       0x00000000   Number         0  strcmpv7m.o ABSOLUTE
    ../clib/memcpset.s                       0x00000000   Number         0  rt_memclr_w.o ABSOLUTE
    ../clib/signal.c                         0x00000000   Number         0  defsig_exit.o ABSOLUTE
    ../clib/signal.c                         0x00000000   Number         0  defsig_pvfn_inner.o ABSOLUTE
    ../clib/signal.c                         0x00000000   Number         0  defsig_fpe_outer.o ABSOLUTE
    ../clib/signal.c                         0x00000000   Number         0  defsig_rtmem_inner.o ABSOLUTE
    ../clib/signal.c                         0x00000000   Number         0  defsig_other.o ABSOLUTE
    ../clib/signal.c                         0x00000000   Number         0  defsig_cppl_inner.o ABSOLUTE
    ../clib/signal.c                         0x00000000   Number         0  defsig_abrt_inner.o ABSOLUTE
    ../clib/signal.c                         0x00000000   Number         0  defsig_fpe_formal.o ABSOLUTE
    ../clib/signal.c                         0x00000000   Number         0  defsig_general.o ABSOLUTE
    ../clib/signal.c                         0x00000000   Number         0  __raise.o ABSOLUTE
    ../clib/signal.c                         0x00000000   Number         0  defsig_rtred_inner.o ABSOLUTE
    ../clib/signal.c                         0x00000000   Number         0  defsig_rtmem_outer.o ABSOLUTE
    ../clib/signal.c                         0x00000000   Number         0  defsig_rtmem_formal.o ABSOLUTE
    ../clib/signal.c                         0x00000000   Number         0  defsig_segv_inner.o ABSOLUTE
    ../clib/signal.c                         0x00000000   Number         0  defsig_stak_inner.o ABSOLUTE
    ../clib/signal.c                         0x00000000   Number         0  defsig_fpe_inner.o ABSOLUTE
    ../clib/signal.s                         0x00000000   Number         0  defsig.o ABSOLUTE
    ../clib/stdlib.c                         0x00000000   Number         0  exit.o ABSOLUTE
    ../clib/string.c                         0x00000000   Number         0  memcmp.o ABSOLUTE
    ../fplib/fpinit.s                        0x00000000   Number         0  fpinit.o ABSOLUTE
    C:\Keil_v5\ARM\PACK\Keil\ARM_Compiler\1.4.0\Source\retarget_io.c 0x00000000   Number         0  retarget_io.o ABSOLUTE
    P503.c                                   0x00000000   Number         0  p503.o ABSOLUTE
    RTE\Device\TM4C129ENCPDT\startup_TM4C129.s 0x00000000   Number         0  startup_tm4c129.o ABSOLUTE
    RTE\Device\TM4C129ENCPDT\system_TM4C129.c 0x00000000   Number         0  system_tm4c129.o ABSOLUTE
    RTE\\Device\\TM4C129ENCPDT\\system_TM4C129.c 0x00000000   Number         0  system_tm4c129.o ABSOLUTE
    dc.s                                     0x00000000   Number         0  dc.o ABSOLUTE
    ec_isogeny.c                             0x00000000   Number         0  ec_isogeny.o ABSOLUTE
    fips202.c                                0x00000000   Number         0  fips202.o ABSOLUTE
    fp_generic.c                             0x00000000   Number         0  fp_generic.o ABSOLUTE
    fpx.c                                    0x00000000   Number         0  fpx.o ABSOLUTE
    main.c                                   0x00000000   Number         0  main.o ABSOLUTE
    mul.s                                    0x00000000   Number         0  mul.o ABSOLUTE
    random.c                                 0x00000000   Number         0  random.o ABSOLUTE
    sidh.c                                   0x00000000   Number         0  sidh.o ABSOLUTE
    sike.c                                   0x00000000   Number         0  sike.o ABSOLUTE
    test_mul.s                               0x00000000   Number         0  test_mul.o ABSOLUTE
    !!!main                                  0x00000200   Section        8  __main.o(!!!main)
    !!!scatter                               0x00000208   Section       52  __scatter.o(!!!scatter)
    !!handler_copy                           0x0000023c   Section       26  __scatter_copy.o(!!handler_copy)
    !!handler_zi                             0x00000258   Section       28  __scatter_zi.o(!!handler_zi)
    .ARM.Collect$$libinit$$00000000          0x00000274   Section        2  libinit.o(.ARM.Collect$$libinit$$00000000)
    .ARM.Collect$$libinit$$00000001          0x00000276   Section        4  libinit2.o(.ARM.Collect$$libinit$$00000001)
    .ARM.Collect$$libinit$$00000004          0x0000027a   Section        0  libinit2.o(.ARM.Collect$$libinit$$00000004)
    .ARM.Collect$$libinit$$0000000A          0x0000027a   Section        0  libinit2.o(.ARM.Collect$$libinit$$0000000A)
    .ARM.Collect$$libinit$$0000000C          0x0000027a   Section        0  libinit2.o(.ARM.Collect$$libinit$$0000000C)
    .ARM.Collect$$libinit$$0000000E          0x0000027a   Section        0  libinit2.o(.ARM.Collect$$libinit$$0000000E)
    .ARM.Collect$$libinit$$00000011          0x0000027a   Section        0  libinit2.o(.ARM.Collect$$libinit$$00000011)
    .ARM.Collect$$libinit$$00000013          0x0000027a   Section        0  libinit2.o(.ARM.Collect$$libinit$$00000013)
    .ARM.Collect$$libinit$$00000015          0x0000027a   Section        0  libinit2.o(.ARM.Collect$$libinit$$00000015)
    .ARM.Collect$$libinit$$00000017          0x0000027a   Section        0  libinit2.o(.ARM.Collect$$libinit$$00000017)
    .ARM.Collect$$libinit$$00000019          0x0000027a   Section        0  libinit2.o(.ARM.Collect$$libinit$$00000019)
    .ARM.Collect$$libinit$$0000001B          0x0000027a   Section        0  libinit2.o(.ARM.Collect$$libinit$$0000001B)
    .ARM.Collect$$libinit$$0000001D          0x0000027a   Section        0  libinit2.o(.ARM.Collect$$libinit$$0000001D)
    .ARM.Collect$$libinit$$0000001F          0x0000027a   Section        0  libinit2.o(.ARM.Collect$$libinit$$0000001F)
    .ARM.Collect$$libinit$$00000021          0x0000027a   Section        0  libinit2.o(.ARM.Collect$$libinit$$00000021)
    .ARM.Collect$$libinit$$00000023          0x0000027a   Section        0  libinit2.o(.ARM.Collect$$libinit$$00000023)
    .ARM.Collect$$libinit$$00000025          0x0000027a   Section        0  libinit2.o(.ARM.Collect$$libinit$$00000025)
    .ARM.Collect$$libinit$$0000002C          0x0000027a   Section        0  libinit2.o(.ARM.Collect$$libinit$$0000002C)
    .ARM.Collect$$libinit$$0000002E          0x0000027a   Section        0  libinit2.o(.ARM.Collect$$libinit$$0000002E)
    .ARM.Collect$$libinit$$00000030          0x0000027a   Section        0  libinit2.o(.ARM.Collect$$libinit$$00000030)
    .ARM.Collect$$libinit$$00000032          0x0000027a   Section        0  libinit2.o(.ARM.Collect$$libinit$$00000032)
    .ARM.Collect$$libinit$$00000033          0x0000027a   Section        2  libinit2.o(.ARM.Collect$$libinit$$00000033)
    .ARM.Collect$$libshutdown$$00000000      0x0000027c   Section        2  libshutdown.o(.ARM.Collect$$libshutdown$$00000000)
    .ARM.Collect$$libshutdown$$00000002      0x0000027e   Section        0  libshutdown2.o(.ARM.Collect$$libshutdown$$00000002)
    .ARM.Collect$$libshutdown$$00000004      0x0000027e   Section        0  libshutdown2.o(.ARM.Collect$$libshutdown$$00000004)
    .ARM.Collect$$libshutdown$$00000007      0x0000027e   Section        0  libshutdown2.o(.ARM.Collect$$libshutdown$$00000007)
    .ARM.Collect$$libshutdown$$0000000A      0x0000027e   Section        0  libshutdown2.o(.ARM.Collect$$libshutdown$$0000000A)
    .ARM.Collect$$libshutdown$$0000000C      0x0000027e   Section        0  libshutdown2.o(.ARM.Collect$$libshutdown$$0000000C)
    .ARM.Collect$$libshutdown$$0000000F      0x0000027e   Section        0  libshutdown2.o(.ARM.Collect$$libshutdown$$0000000F)
    .ARM.Collect$$libshutdown$$00000010      0x0000027e   Section        2  libshutdown2.o(.ARM.Collect$$libshutdown$$00000010)
    .ARM.Collect$$rtentry$$00000000          0x00000280   Section        0  __rtentry.o(.ARM.Collect$$rtentry$$00000000)
    .ARM.Collect$$rtentry$$00000002          0x00000280   Section        0  __rtentry2.o(.ARM.Collect$$rtentry$$00000002)
    .ARM.Collect$$rtentry$$00000004          0x00000280   Section        6  __rtentry4.o(.ARM.Collect$$rtentry$$00000004)
    .ARM.Collect$$rtentry$$00000009          0x00000286   Section        0  __rtentry2.o(.ARM.Collect$$rtentry$$00000009)
    .ARM.Collect$$rtentry$$0000000A          0x00000286   Section        4  __rtentry2.o(.ARM.Collect$$rtentry$$0000000A)
    .ARM.Collect$$rtentry$$0000000C          0x0000028a   Section        0  __rtentry2.o(.ARM.Collect$$rtentry$$0000000C)
    .ARM.Collect$$rtentry$$0000000D          0x0000028a   Section        8  __rtentry2.o(.ARM.Collect$$rtentry$$0000000D)
    .ARM.Collect$$rtexit$$00000000           0x00000292   Section        2  rtexit.o(.ARM.Collect$$rtexit$$00000000)
    .ARM.Collect$$rtexit$$00000002           0x00000294   Section        0  rtexit2.o(.ARM.Collect$$rtexit$$00000002)
    .ARM.Collect$$rtexit$$00000003           0x00000294   Section        4  rtexit2.o(.ARM.Collect$$rtexit$$00000003)
    .ARM.Collect$$rtexit$$00000004           0x00000298   Section        6  rtexit2.o(.ARM.Collect$$rtexit$$00000004)
    .test1                                   0x000002a0   Section      376  test_mul.o(.test1)
    $v0                                      0x000002a0   Number         0  test_mul.o(.test1)
    .test1                                   0x00000418   Section     1366  mul.o(.test1)
    $v0                                      0x00000418   Number         0  mul.o(.test1)
    .text                                    0x00000970   Section        0  main.o(.text)
    .text                                    0x00000a58   Section        0  fp_generic.o(.text)
    is_digit_lessthan_ct                     0x0000281f   Thumb Code    16  fp_generic.o(.text)
    .text                                    0x00002830   Section        0  fpx.o(.text)
    mp_addfast                               0x00002e71   Thumb Code    68  fpx.o(.text)
    is_digit_lessthan_ct                     0x00003127   Thumb Code    16  fpx.o(.text)
    .text                                    0x0000313c   Section        0  ec_isogeny.o(.text)
    swap_points                              0x00003891   Thumb Code   132  ec_isogeny.o(.text)
    .text                                    0x00003918   Section        0  sidh.o(.text)
    init_basis                               0x00003919   Thumb Code    72  sidh.o(.text)
    fp2_decode                               0x00003961   Thumb Code    48  sidh.o(.text)
    clear_words                              0x000041e3   Thumb Code    18  sidh.o(.text)
    fp2_encode                               0x000041f5   Thumb Code    42  sidh.o(.text)
    .text                                    0x0000422c   Section        0  random.o(.text)
    .text                                    0x00004230   Section      300  startup_tm4c129.o(.text)
    $v0                                      0x00004230   Number         0  startup_tm4c129.o(.text)
    .text                                    0x0000435c   Section        0  system_tm4c129.o(.text)
    .text                                    0x00004384   Section      100  rt_memcpy_w.o(.text)
    .text                                    0x000043e8   Section       78  rt_memclr_w.o(.text)
    .text                                    0x00004436   Section        0  heapauxi.o(.text)
    .text                                    0x0000443c   Section       74  sys_stackheap_outer.o(.text)
    .text                                    0x00004486   Section        0  exit.o(.text)
    .text                                    0x00004498   Section        8  libspace.o(.text)
    .text                                    0x000044a0   Section        0  sys_exit.o(.text)
    .text                                    0x000044ac   Section        2  use_no_semi.o(.text)
    .text                                    0x000044ae   Section        0  indicate_semi.o(.text)
    i.fpcopy503                              0x000044b0   Section        0  fpx.o(i.fpcopy503)
    i.fpzero503                              0x000044c4   Section        0  fpx.o(i.fpzero503)
    x$fpl$fpinit                             0x000044d4   Section       10  fpinit.o(x$fpl$fpinit)
    $v0                                      0x000044d4   Number         0  fpinit.o(x$fpl$fpinit)
    .constdata                               0x000044e0   Section       64  p503.o(.constdata)
    .constdata                               0x00004520   Section       64  p503.o(.constdata)
    .constdata                               0x00004560   Section       64  p503.o(.constdata)
    .constdata                               0x000045a0   Section      320  p503.o(.constdata)
    .constdata                               0x000046e0   Section      320  p503.o(.constdata)
    .constdata                               0x00004820   Section       64  p503.o(.constdata)
    .constdata                               0x00004860   Section       64  p503.o(.constdata)
    .constdata                               0x000048a0   Section      496  p503.o(.constdata)
    .constdata                               0x00004a90   Section      632  p503.o(.constdata)
    .data                                    0x20000000   Section        4  system_tm4c129.o(.data)
    .bss                                     0x20000004   Section       96  libspace.o(.bss)
    HEAP                                     0x20000068   Section        0  startup_tm4c129.o(HEAP)
    STACK                                    0x20000068   Section    32768  startup_tm4c129.o(STACK)
    Heap_Mem                                 0x20000068   Data           0  startup_tm4c129.o(HEAP)
    Stack_Mem                                0x20000068   Data       32768  startup_tm4c129.o(STACK)
    __initial_sp                             0x20008068   Data           0  startup_tm4c129.o(STACK)

    Global Symbols

    Symbol Name                              Value     Ov Type        Size  Object(Section)

    BuildAttributes$$THM_ISAv4$E$P$D$K$B$S$7EM$VFPi3$EXTD16$VFPS$VFMA$PE$A:L22UL41UL21$X:L11$S22US41US21$IEEE1$IW$USESV6$~STKCKD$USESV7$~SHL$OSPACE$ROPI$EBA8$UX$STANDARDLIB$REQ8$EABIv2 0x00000000   Number         0  anon$$obj.o ABSOLUTE
    __ARM_use_no_argv                        0x00000000   Number         0  main.o ABSOLUTE
    __Vectors                                0x00000000   Data           4  startup_tm4c129.o(RESET)
    __ARM_exceptions_init                     - Undefined Weak Reference
    __alloca_initialize                       - Undefined Weak Reference
    __arm_preinit_                            - Undefined Weak Reference
    __cpp_initialize__aeabi_                  - Undefined Weak Reference
    __cxa_finalize                            - Undefined Weak Reference
    __rt_locale                               - Undefined Weak Reference
    __sigvec_lookup                           - Undefined Weak Reference
    _atexit_init                              - Undefined Weak Reference
    _call_atexit_fns                          - Undefined Weak Reference
    _clock_init                               - Undefined Weak Reference
    _fp_trap_init                             - Undefined Weak Reference
    _fp_trap_shutdown                         - Undefined Weak Reference
    _get_lc_collate                           - Undefined Weak Reference
    _get_lc_ctype                             - Undefined Weak Reference
    _get_lc_monetary                          - Undefined Weak Reference
    _get_lc_numeric                           - Undefined Weak Reference
    _get_lc_time                              - Undefined Weak Reference
    _getenv_init                              - Undefined Weak Reference
    _handle_redirection                       - Undefined Weak Reference
    _init_alloc                               - Undefined Weak Reference
    _init_user_alloc                          - Undefined Weak Reference
    _initio                                   - Undefined Weak Reference
    _rand_init                                - Undefined Weak Reference
    _signal_finish                            - Undefined Weak Reference
    _signal_init                              - Undefined Weak Reference
    _terminate_alloc                          - Undefined Weak Reference
    _terminate_user_alloc                     - Undefined Weak Reference
    _terminateio                              - Undefined Weak Reference
    __Vectors_End                            0x00000200   Data           0  startup_tm4c129.o(RESET)
    __Vectors_Size                           0x00000200   Number         0  startup_tm4c129.o ABSOLUTE
    __main                                   0x00000201   Thumb Code     8  __main.o(!!!main)
    __scatterload                            0x00000209   Thumb Code     0  __scatter.o(!!!scatter)
    __scatterload_rt2                        0x00000209   Thumb Code    44  __scatter.o(!!!scatter)
    __scatterload_rt2_thumb_only             0x00000209   Thumb Code     0  __scatter.o(!!!scatter)
    __scatterload_null                       0x00000217   Thumb Code     0  __scatter.o(!!!scatter)
    __scatterload_copy                       0x0000023d   Thumb Code    26  __scatter_copy.o(!!handler_copy)
    __scatterload_zeroinit                   0x00000259   Thumb Code    28  __scatter_zi.o(!!handler_zi)
    __rt_lib_init                            0x00000275   Thumb Code     0  libinit.o(.ARM.Collect$$libinit$$00000000)
    __rt_lib_init_fp_1                       0x00000277   Thumb Code     0  libinit2.o(.ARM.Collect$$libinit$$00000001)
    __rt_lib_init_alloca_1                   0x0000027b   Thumb Code     0  libinit2.o(.ARM.Collect$$libinit$$0000002E)
    __rt_lib_init_argv_1                     0x0000027b   Thumb Code     0  libinit2.o(.ARM.Collect$$libinit$$0000002C)
    __rt_lib_init_atexit_1                   0x0000027b   Thumb Code     0  libinit2.o(.ARM.Collect$$libinit$$0000001B)
    __rt_lib_init_clock_1                    0x0000027b   Thumb Code     0  libinit2.o(.ARM.Collect$$libinit$$00000021)
    __rt_lib_init_cpp_1                      0x0000027b   Thumb Code     0  libinit2.o(.ARM.Collect$$libinit$$00000032)
    __rt_lib_init_exceptions_1               0x0000027b   Thumb Code     0  libinit2.o(.ARM.Collect$$libinit$$00000030)
    __rt_lib_init_fp_trap_1                  0x0000027b   Thumb Code     0  libinit2.o(.ARM.Collect$$libinit$$0000001F)
    __rt_lib_init_getenv_1                   0x0000027b   Thumb Code     0  libinit2.o(.ARM.Collect$$libinit$$00000023)
    __rt_lib_init_heap_1                     0x0000027b   Thumb Code     0  libinit2.o(.ARM.Collect$$libinit$$0000000A)
    __rt_lib_init_lc_collate_1               0x0000027b   Thumb Code     0  libinit2.o(.ARM.Collect$$libinit$$00000011)
    __rt_lib_init_lc_ctype_1                 0x0000027b   Thumb Code     0  libinit2.o(.ARM.Collect$$libinit$$00000013)
    __rt_lib_init_lc_monetary_1              0x0000027b   Thumb Code     0  libinit2.o(.ARM.Collect$$libinit$$00000015)
    __rt_lib_init_lc_numeric_1               0x0000027b   Thumb Code     0  libinit2.o(.ARM.Collect$$libinit$$00000017)
    __rt_lib_init_lc_time_1                  0x0000027b   Thumb Code     0  libinit2.o(.ARM.Collect$$libinit$$00000019)
    __rt_lib_init_preinit_1                  0x0000027b   Thumb Code     0  libinit2.o(.ARM.Collect$$libinit$$00000004)
    __rt_lib_init_rand_1                     0x0000027b   Thumb Code     0  libinit2.o(.ARM.Collect$$libinit$$0000000E)
    __rt_lib_init_return                     0x0000027b   Thumb Code     0  libinit2.o(.ARM.Collect$$libinit$$00000033)
    __rt_lib_init_signal_1                   0x0000027b   Thumb Code     0  libinit2.o(.ARM.Collect$$libinit$$0000001D)
    __rt_lib_init_stdio_1                    0x0000027b   Thumb Code     0  libinit2.o(.ARM.Collect$$libinit$$00000025)
    __rt_lib_init_user_alloc_1               0x0000027b   Thumb Code     0  libinit2.o(.ARM.Collect$$libinit$$0000000C)
    __rt_lib_shutdown                        0x0000027d   Thumb Code     0  libshutdown.o(.ARM.Collect$$libshutdown$$00000000)
    __rt_lib_shutdown_cpp_1                  0x0000027f   Thumb Code     0  libshutdown2.o(.ARM.Collect$$libshutdown$$00000002)
    __rt_lib_shutdown_fp_trap_1              0x0000027f   Thumb Code     0  libshutdown2.o(.ARM.Collect$$libshutdown$$00000007)
    __rt_lib_shutdown_heap_1                 0x0000027f   Thumb Code     0  libshutdown2.o(.ARM.Collect$$libshutdown$$0000000F)
    __rt_lib_shutdown_return                 0x0000027f   Thumb Code     0  libshutdown2.o(.ARM.Collect$$libshutdown$$00000010)
    __rt_lib_shutdown_signal_1               0x0000027f   Thumb Code     0  libshutdown2.o(.ARM.Collect$$libshutdown$$0000000A)
    __rt_lib_shutdown_stdio_1                0x0000027f   Thumb Code     0  libshutdown2.o(.ARM.Collect$$libshutdown$$00000004)
    __rt_lib_shutdown_user_alloc_1           0x0000027f   Thumb Code     0  libshutdown2.o(.ARM.Collect$$libshutdown$$0000000C)
    __rt_entry                               0x00000281   Thumb Code     0  __rtentry.o(.ARM.Collect$$rtentry$$00000000)
    __rt_entry_presh_1                       0x00000281   Thumb Code     0  __rtentry2.o(.ARM.Collect$$rtentry$$00000002)
    __rt_entry_sh                            0x00000281   Thumb Code     0  __rtentry4.o(.ARM.Collect$$rtentry$$00000004)
    __rt_entry_li                            0x00000287   Thumb Code     0  __rtentry2.o(.ARM.Collect$$rtentry$$0000000A)
    __rt_entry_postsh_1                      0x00000287   Thumb Code     0  __rtentry2.o(.ARM.Collect$$rtentry$$00000009)
    __rt_entry_main                          0x0000028b   Thumb Code     0  __rtentry2.o(.ARM.Collect$$rtentry$$0000000D)
    __rt_entry_postli_1                      0x0000028b   Thumb Code     0  __rtentry2.o(.ARM.Collect$$rtentry$$0000000C)
    __rt_exit                                0x00000293   Thumb Code     0  rtexit.o(.ARM.Collect$$rtexit$$00000000)
    __rt_exit_ls                             0x00000295   Thumb Code     0  rtexit2.o(.ARM.Collect$$rtexit$$00000003)
    __rt_exit_prels_1                        0x00000295   Thumb Code     0  rtexit2.o(.ARM.Collect$$rtexit$$00000002)
    __rt_exit_exit                           0x00000299   Thumb Code     0  rtexit2.o(.ARM.Collect$$rtexit$$00000004)
    multiply32x32_asm                        0x000002a1   Thumb Code    44  test_mul.o(.test1)
    multiply32x32_asm_m4                     0x000002cd   Thumb Code    10  test_mul.o(.test1)
    test_low_mid                             0x000002d7   Thumb Code   112  test_mul.o(.test1)
    test_mid                                 0x00000347   Thumb Code   104  test_mul.o(.test1)
    test_high                                0x000003af   Thumb Code   106  test_mul.o(.test1)
    multiply256x256_asm                      0x00000419   Thumb Code  1366  mul.o(.test1)
    multi_testing                            0x00000971   Thumb Code    88  main.o(.text)
    cycles                                   0x000009c9   Thumb Code     6  main.o(.text)
    main                                     0x000009cf   Thumb Code    68  main.o(.text)
    fpadd503                                 0x00000a59   Thumb Code   710  fp_generic.o(.text)
    fpsub503                                 0x00000d1f   Thumb Code   614  fp_generic.o(.text)
    fpsub503_original                        0x00000f85   Thumb Code   124  fp_generic.o(.text)
    fpneg503                                 0x00001001   Thumb Code    62  fp_generic.o(.text)
    fpdiv2_503                               0x0000103f   Thumb Code    86  fp_generic.o(.text)
    fpcorrection503                          0x00001095   Thumb Code   118  fp_generic.o(.text)
    mp_mul                                   0x0000110b   Thumb Code   280  fp_generic.o(.text)
    rdc_mont1                                0x00001223   Thumb Code   204  fp_generic.o(.text)
    rdc_mont                                 0x000012ef   Thumb Code  5424  fp_generic.o(.text)
    fpmul503_mont                            0x00002831   Thumb Code    42  fpx.o(.text)
    to_mont                                  0x0000285b   Thumb Code     6  fpx.o(.text)
    from_mont                                0x00002861   Thumb Code    40  fpx.o(.text)
    copy_words                               0x00002889   Thumb Code    24  fpx.o(.text)
    fpsqr503_mont                            0x000028a1   Thumb Code    40  fpx.o(.text)
    fpinv503_chain_mont                      0x000028c9   Thumb Code  1224  fpx.o(.text)
    fpinv503_mont                            0x00002d91   Thumb Code    48  fpx.o(.text)
    fp2copy503                               0x00002dc1   Thumb Code    26  fpx.o(.text)
    fp2zero503                               0x00002ddb   Thumb Code    20  fpx.o(.text)
    fp2neg503                                0x00002def   Thumb Code    20  fpx.o(.text)
    fp2add503                                0x00002e03   Thumb Code    32  fpx.o(.text)
    fp2sub503                                0x00002e23   Thumb Code    32  fpx.o(.text)
    fp2div2_503                              0x00002e43   Thumb Code    26  fpx.o(.text)
    fp2correction503                         0x00002e5d   Thumb Code    20  fpx.o(.text)
    fp2sqr503_mont                           0x00002eb5   Thumb Code    66  fpx.o(.text)
    mp_sub                                   0x00002ef7   Thumb Code    64  fpx.o(.text)
    fp2mul503_mont                           0x00002f37   Thumb Code   178  fpx.o(.text)
    fp2inv503_mont                           0x00002fe9   Thumb Code    70  fpx.o(.text)
    to_fp2mont                               0x0000302f   Thumb Code    24  fpx.o(.text)
    from_fp2mont                             0x00003047   Thumb Code    24  fpx.o(.text)
    mp_shiftleft                             0x0000305f   Thumb Code   112  fpx.o(.text)
    mp_shiftr1                               0x000030cf   Thumb Code    50  fpx.o(.text)
    mp_shiftl1                               0x00003101   Thumb Code    38  fpx.o(.text)
    xDBL                                     0x0000313d   Thumb Code   122  ec_isogeny.o(.text)
    xDBLe                                    0x000031b7   Thumb Code    42  ec_isogeny.o(.text)
    get_4_isog                               0x000031e1   Thumb Code   104  ec_isogeny.o(.text)
    eval_4_isog                              0x00003249   Thumb Code   154  ec_isogeny.o(.text)
    xTPL                                     0x000032e3   Thumb Code   236  ec_isogeny.o(.text)
    xTPLe                                    0x000033cf   Thumb Code    42  ec_isogeny.o(.text)
    get_3_isog                               0x000033f9   Thumb Code   224  ec_isogeny.o(.text)
    eval_3_isog                              0x000034d9   Thumb Code   112  ec_isogeny.o(.text)
    inv_3_way                                0x00003549   Thumb Code    88  ec_isogeny.o(.text)
    get_A                                    0x000035a1   Thumb Code   156  ec_isogeny.o(.text)
    j_inv                                    0x0000363d   Thumb Code   158  ec_isogeny.o(.text)
    xDBLADD                                  0x000036db   Thumb Code   202  ec_isogeny.o(.text)
    LADDER3PT                                0x000037a5   Thumb Code   236  ec_isogeny.o(.text)
    random_mod_order_A_SIDHp503              0x00003991   Thumb Code    30  sidh.o(.text)
    random_mod_order_B_SIDHp503              0x000039af   Thumb Code    30  sidh.o(.text)
    EphemeralKeyGeneration_A_SIDHp503        0x000039cd   Thumb Code   582  sidh.o(.text)
    EphemeralKeyGeneration_B_SIDHp503        0x00003c13   Thumb Code   610  sidh.o(.text)
    EphemeralSecretAgreement_A_SIDHp503      0x00003e75   Thumb Code   434  sidh.o(.text)
    EphemeralSecretAgreement_B_SIDHp503      0x00004027   Thumb Code   444  sidh.o(.text)
    randombytes                              0x0000422d   Thumb Code     4  random.o(.text)
    Reset_Handler                            0x00004231   Thumb Code     8  startup_tm4c129.o(.text)
    NMI_Handler                              0x00004239   Thumb Code     2  startup_tm4c129.o(.text)
    HardFault_Handler                        0x0000423b   Thumb Code     2  startup_tm4c129.o(.text)
    MemManage_Handler                        0x0000423d   Thumb Code     2  startup_tm4c129.o(.text)
    BusFault_Handler                         0x0000423f   Thumb Code     2  startup_tm4c129.o(.text)
    UsageFault_Handler                       0x00004241   Thumb Code     2  startup_tm4c129.o(.text)
    SVC_Handler                              0x00004243   Thumb Code     2  startup_tm4c129.o(.text)
    DebugMon_Handler                         0x00004245   Thumb Code     2  startup_tm4c129.o(.text)
    PendSV_Handler                           0x00004247   Thumb Code     2  startup_tm4c129.o(.text)
    SysTick_Handler                          0x00004249   Thumb Code     2  startup_tm4c129.o(.text)
    GPIOA_Handler                            0x0000424b   Thumb Code     2  startup_tm4c129.o(.text)
    GPIOB_Handler                            0x0000424d   Thumb Code     2  startup_tm4c129.o(.text)
    GPIOC_Handler                            0x0000424f   Thumb Code     2  startup_tm4c129.o(.text)
    GPIOD_Handler                            0x00004251   Thumb Code     2  startup_tm4c129.o(.text)
    GPIOE_Handler                            0x00004253   Thumb Code     2  startup_tm4c129.o(.text)
    UART0_Handler                            0x00004255   Thumb Code     2  startup_tm4c129.o(.text)
    UART1_Handler                            0x00004257   Thumb Code     2  startup_tm4c129.o(.text)
    SSI0_Handler                             0x00004259   Thumb Code     2  startup_tm4c129.o(.text)
    I2C0_Handler                             0x0000425b   Thumb Code     2  startup_tm4c129.o(.text)
    PMW0_FAULT_Handler                       0x0000425d   Thumb Code     2  startup_tm4c129.o(.text)
    PWM0_0_Handler                           0x0000425f   Thumb Code     2  startup_tm4c129.o(.text)
    PWM0_1_Handler                           0x00004261   Thumb Code     2  startup_tm4c129.o(.text)
    PWM0_2_Handler                           0x00004263   Thumb Code     2  startup_tm4c129.o(.text)
    QEI0_Handler                             0x00004265   Thumb Code     2  startup_tm4c129.o(.text)
    ADC0SS0_Handler                          0x00004267   Thumb Code     2  startup_tm4c129.o(.text)
    ADC0SS1_Handler                          0x00004269   Thumb Code     2  startup_tm4c129.o(.text)
    ADC0SS2_Handler                          0x0000426b   Thumb Code     2  startup_tm4c129.o(.text)
    ADC0SS3_Handler                          0x0000426d   Thumb Code     2  startup_tm4c129.o(.text)
    WDT0_Handler                             0x0000426f   Thumb Code     2  startup_tm4c129.o(.text)
    TIMER0A_Handler                          0x00004271   Thumb Code     2  startup_tm4c129.o(.text)
    TIMER0B_Handler                          0x00004273   Thumb Code     2  startup_tm4c129.o(.text)
    TIMER1A_Handler                          0x00004275   Thumb Code     2  startup_tm4c129.o(.text)
    TIMER1B_Handler                          0x00004277   Thumb Code     2  startup_tm4c129.o(.text)
    TIMER2A_Handler                          0x00004279   Thumb Code     2  startup_tm4c129.o(.text)
    TIMER2B_Handler                          0x0000427b   Thumb Code     2  startup_tm4c129.o(.text)
    COMP0_Handler                            0x0000427d   Thumb Code     2  startup_tm4c129.o(.text)
    COMP1_Handler                            0x0000427f   Thumb Code     2  startup_tm4c129.o(.text)
    COMP2_Handler                            0x00004281   Thumb Code     2  startup_tm4c129.o(.text)
    SYSCTL_Handler                           0x00004283   Thumb Code     2  startup_tm4c129.o(.text)
    FLASH_Handler                            0x00004285   Thumb Code     2  startup_tm4c129.o(.text)
    GPIOF_Handler                            0x00004287   Thumb Code     2  startup_tm4c129.o(.text)
    GPIOG_Handler                            0x00004289   Thumb Code     2  startup_tm4c129.o(.text)
    GPIOH_Handler                            0x0000428b   Thumb Code     2  startup_tm4c129.o(.text)
    UART2_Handler                            0x0000428d   Thumb Code     2  startup_tm4c129.o(.text)
    SSI1_Handler                             0x0000428f   Thumb Code     2  startup_tm4c129.o(.text)
    TIMER3A_Handler                          0x00004291   Thumb Code     2  startup_tm4c129.o(.text)
    TIMER3B_Handler                          0x00004293   Thumb Code     2  startup_tm4c129.o(.text)
    I2C1_Handler                             0x00004295   Thumb Code     2  startup_tm4c129.o(.text)
    CAN0_Handler                             0x00004297   Thumb Code     2  startup_tm4c129.o(.text)
    CAN1_Handler                             0x00004299   Thumb Code     2  startup_tm4c129.o(.text)
    ETH_Handler                              0x0000429b   Thumb Code     2  startup_tm4c129.o(.text)
    HIB_Handler                              0x0000429d   Thumb Code     2  startup_tm4c129.o(.text)
    USB0_Handler                             0x0000429f   Thumb Code     2  startup_tm4c129.o(.text)
    PWM0_3_Handler                           0x000042a1   Thumb Code     2  startup_tm4c129.o(.text)
    UDMA_Handler                             0x000042a3   Thumb Code     2  startup_tm4c129.o(.text)
    UDMAERR_Handler                          0x000042a5   Thumb Code     2  startup_tm4c129.o(.text)
    ADC1SS0_Handler                          0x000042a7   Thumb Code     2  startup_tm4c129.o(.text)
    ADC1SS1_Handler                          0x000042a9   Thumb Code     2  startup_tm4c129.o(.text)
    ADC1SS2_Handler                          0x000042ab   Thumb Code     2  startup_tm4c129.o(.text)
    ADC1SS3_Handler                          0x000042ad   Thumb Code     2  startup_tm4c129.o(.text)
    EBI0_Handler                             0x000042af   Thumb Code     2  startup_tm4c129.o(.text)
    GPIOJ_Handler                            0x000042b1   Thumb Code     2  startup_tm4c129.o(.text)
    GPIOK_Handler                            0x000042b3   Thumb Code     2  startup_tm4c129.o(.text)
    GPIOL_Handler                            0x000042b5   Thumb Code     2  startup_tm4c129.o(.text)
    SSI2_Handler                             0x000042b7   Thumb Code     2  startup_tm4c129.o(.text)
    SSI3_Handler                             0x000042b9   Thumb Code     2  startup_tm4c129.o(.text)
    UART3_Handler                            0x000042bb   Thumb Code     2  startup_tm4c129.o(.text)
    UART4_Handler                            0x000042bd   Thumb Code     2  startup_tm4c129.o(.text)
    UART5_Handler                            0x000042bf   Thumb Code     2  startup_tm4c129.o(.text)
    UART6_Handler                            0x000042c1   Thumb Code     2  startup_tm4c129.o(.text)
    UART7_Handler                            0x000042c3   Thumb Code     2  startup_tm4c129.o(.text)
    I2C2_Handler                             0x000042c5   Thumb Code     2  startup_tm4c129.o(.text)
    I2C3_Handler                             0x000042c7   Thumb Code     2  startup_tm4c129.o(.text)
    TIMER4A_Handler                          0x000042c9   Thumb Code     2  startup_tm4c129.o(.text)
    TIMER4B_Handler                          0x000042cb   Thumb Code     2  startup_tm4c129.o(.text)
    TIMER5A_Handler                          0x000042cd   Thumb Code     2  startup_tm4c129.o(.text)
    TIMER5B_Handler                          0x000042cf   Thumb Code     2  startup_tm4c129.o(.text)
    WTIMER0A_Handler                         0x000042d1   Thumb Code     2  startup_tm4c129.o(.text)
    WTIMER0B_Handler                         0x000042d3   Thumb Code     2  startup_tm4c129.o(.text)
    WTIMER1A_Handler                         0x000042d5   Thumb Code     2  startup_tm4c129.o(.text)
    WTIMER1B_Handler                         0x000042d7   Thumb Code     2  startup_tm4c129.o(.text)
    WTIMER2A_Handler                         0x000042d9   Thumb Code     2  startup_tm4c129.o(.text)
    WTIMER2B_Handler                         0x000042db   Thumb Code     2  startup_tm4c129.o(.text)
    WTIMER3A_Handler                         0x000042dd   Thumb Code     2  startup_tm4c129.o(.text)
    WTIMER3B_Handler                         0x000042df   Thumb Code     2  startup_tm4c129.o(.text)
    WTIMER4A_Handler                         0x000042e1   Thumb Code     2  startup_tm4c129.o(.text)
    WTIMER4B_Handler                         0x000042e3   Thumb Code     2  startup_tm4c129.o(.text)
    WTIMER5A_Handler                         0x000042e5   Thumb Code     2  startup_tm4c129.o(.text)
    WTIMER5B_Handler                         0x000042e7   Thumb Code     2  startup_tm4c129.o(.text)
    FPU_Handler                              0x000042e9   Thumb Code     2  startup_tm4c129.o(.text)
    I2C4_Handler                             0x000042eb   Thumb Code     2  startup_tm4c129.o(.text)
    I2C5_Handler                             0x000042ed   Thumb Code     2  startup_tm4c129.o(.text)
    GPIOM_Handler                            0x000042ef   Thumb Code     2  startup_tm4c129.o(.text)
    GPION_Handler                            0x000042f1   Thumb Code     2  startup_tm4c129.o(.text)
    TAMPER_Handler                           0x000042f3   Thumb Code     2  startup_tm4c129.o(.text)
    GPIOP0_Handler                           0x000042f5   Thumb Code     2  startup_tm4c129.o(.text)
    GPIOP1_Handler                           0x000042f7   Thumb Code     2  startup_tm4c129.o(.text)
    GPIOP2_Handler                           0x000042f9   Thumb Code     2  startup_tm4c129.o(.text)
    GPIOP3_Handler                           0x000042fb   Thumb Code     2  startup_tm4c129.o(.text)
    GPIOP4_Handler                           0x000042fd   Thumb Code     2  startup_tm4c129.o(.text)
    GPIOP5_Handler                           0x000042ff   Thumb Code     2  startup_tm4c129.o(.text)
    GPIOP6_Handler                           0x00004301   Thumb Code     2  startup_tm4c129.o(.text)
    GPIOP7_Handler                           0x00004303   Thumb Code     2  startup_tm4c129.o(.text)
    GPIOQ0_Handler                           0x00004305   Thumb Code     2  startup_tm4c129.o(.text)
    GPIOQ1_Handler                           0x00004307   Thumb Code     2  startup_tm4c129.o(.text)
    GPIOQ2_Handler                           0x00004309   Thumb Code     2  startup_tm4c129.o(.text)
    GPIOQ3_Handler                           0x0000430b   Thumb Code     2  startup_tm4c129.o(.text)
    GPIOQ4_Handler                           0x0000430d   Thumb Code     2  startup_tm4c129.o(.text)
    GPIOQ5_Handler                           0x0000430f   Thumb Code     2  startup_tm4c129.o(.text)
    GPIOQ6_Handler                           0x00004311   Thumb Code     2  startup_tm4c129.o(.text)
    GPIOQ7_Handler                           0x00004313   Thumb Code     2  startup_tm4c129.o(.text)
    GPIOR_Handler                            0x00004315   Thumb Code     2  startup_tm4c129.o(.text)
    GPIOS_Handler                            0x00004317   Thumb Code     2  startup_tm4c129.o(.text)
    SHAMD5_Handler                           0x00004319   Thumb Code     2  startup_tm4c129.o(.text)
    AES_Handler                              0x0000431b   Thumb Code     2  startup_tm4c129.o(.text)
    DES3DES_Handler                          0x0000431d   Thumb Code     2  startup_tm4c129.o(.text)
    LCDCONTROLLER_Handler                    0x0000431f   Thumb Code     2  startup_tm4c129.o(.text)
    TIMER6A_Handler                          0x00004321   Thumb Code     2  startup_tm4c129.o(.text)
    TIMER6B_Handler                          0x00004323   Thumb Code     2  startup_tm4c129.o(.text)
    TIMER7A_Handler                          0x00004325   Thumb Code     2  startup_tm4c129.o(.text)
    TIMER7B_Handler                          0x00004327   Thumb Code     2  startup_tm4c129.o(.text)
    I2C6_Handler                             0x00004329   Thumb Code     2  startup_tm4c129.o(.text)
    I2C7_Handler                             0x0000432b   Thumb Code     2  startup_tm4c129.o(.text)
    HIMSCANKEYBOARD_Handler                  0x0000432d   Thumb Code     2  startup_tm4c129.o(.text)
    ONEWIRE_Handler                          0x0000432f   Thumb Code     2  startup_tm4c129.o(.text)
    HIMPS2_Handler                           0x00004331   Thumb Code     2  startup_tm4c129.o(.text)
    HIMLEDSEQUENCER_Handler                  0x00004333   Thumb Code     2  startup_tm4c129.o(.text)
    HIMCONSUMERIR_Handler                    0x00004335   Thumb Code     2  startup_tm4c129.o(.text)
    I2C8_Handler                             0x00004337   Thumb Code     2  startup_tm4c129.o(.text)
    I2C9_Handler                             0x00004339   Thumb Code     2  startup_tm4c129.o(.text)
    GPIOT_Handler                            0x0000433b   Thumb Code     2  startup_tm4c129.o(.text)
    __user_initial_stackheap                 0x0000433d   Thumb Code     0  startup_tm4c129.o(.text)
    SystemCoreClockUpdate                    0x0000435d   Thumb Code     8  system_tm4c129.o(.text)
    SystemInit                               0x00004365   Thumb Code    18  system_tm4c129.o(.text)
    __aeabi_memcpy4                          0x00004385   Thumb Code     0  rt_memcpy_w.o(.text)
    __aeabi_memcpy8                          0x00004385   Thumb Code     0  rt_memcpy_w.o(.text)
    __rt_memcpy_w                            0x00004385   Thumb Code   100  rt_memcpy_w.o(.text)
    _memcpy_lastbytes_aligned                0x000043cd   Thumb Code     0  rt_memcpy_w.o(.text)
    __aeabi_memclr4                          0x000043e9   Thumb Code     0  rt_memclr_w.o(.text)
    __aeabi_memclr8                          0x000043e9   Thumb Code     0  rt_memclr_w.o(.text)
    __rt_memclr_w                            0x000043e9   Thumb Code    78  rt_memclr_w.o(.text)
    _memset_w                                0x000043ed   Thumb Code     0  rt_memclr_w.o(.text)
    __use_two_region_memory                  0x00004437   Thumb Code     2  heapauxi.o(.text)
    __rt_heap_escrow$2region                 0x00004439   Thumb Code     2  heapauxi.o(.text)
    __rt_heap_expand$2region                 0x0000443b   Thumb Code     2  heapauxi.o(.text)
    __user_setup_stackheap                   0x0000443d   Thumb Code    74  sys_stackheap_outer.o(.text)
    exit                                     0x00004487   Thumb Code    18  exit.o(.text)
    __user_libspace                          0x00004499   Thumb Code     8  libspace.o(.text)
    __user_perproc_libspace                  0x00004499   Thumb Code     0  libspace.o(.text)
    __user_perthread_libspace                0x00004499   Thumb Code     0  libspace.o(.text)
    _sys_exit                                0x000044a1   Thumb Code     8  sys_exit.o(.text)
    __I$use$semihosting                      0x000044ad   Thumb Code     0  use_no_semi.o(.text)
    __use_no_semihosting_swi                 0x000044ad   Thumb Code     2  use_no_semi.o(.text)
    __semihosting_library_function           0x000044af   Thumb Code     0  indicate_semi.o(.text)
    fpcopy503                                0x000044b1   Thumb Code    20  fpx.o(i.fpcopy503)
    fpzero503                                0x000044c5   Thumb Code    16  fpx.o(i.fpzero503)
    _fp_init                                 0x000044d5   Thumb Code    10  fpinit.o(x$fpl$fpinit)
    __fplib_config_fpu_vfp                   0x000044dd   Thumb Code     0  fpinit.o(x$fpl$fpinit)
    __fplib_config_pureend_doubles           0x000044dd   Thumb Code     0  fpinit.o(x$fpl$fpinit)
    p503                                     0x000044e0   Data          64  p503.o(.constdata)
    p503p1                                   0x00004520   Data          64  p503.o(.constdata)
    p503x2                                   0x00004560   Data          64  p503.o(.constdata)
    A_gen                                    0x000045a0   Data         320  p503.o(.constdata)
    B_gen                                    0x000046e0   Data         320  p503.o(.constdata)
    Montgomery_R2                            0x00004820   Data          64  p503.o(.constdata)
    Montgomery_one                           0x00004860   Data          64  p503.o(.constdata)
    strat_Alice                              0x000048a0   Data         496  p503.o(.constdata)
    strat_Bob                                0x00004a90   Data         632  p503.o(.constdata)
    Region$$Table$$Base                      0x00004d08   Number         0  anon$$obj.o(Region$$Table)
    Region$$Table$$Limit                     0x00004d28   Number         0  anon$$obj.o(Region$$Table)
    SystemCoreClock                          0x20000000   Data           4  system_tm4c129.o(.data)
    __libspace_start                         0x20000004   Data          96  libspace.o(.bss)
    __temporary_stack_top$libspace           0x20000064   Data           0  libspace.o(.bss)



==============================================================================

Memory Map of the image

  Image Entry point : 0x00000201

  Load Region LR_IROM1 (Base: 0x00000000, Size: 0x00004d2c, Max: 0x00100000, ABSOLUTE)

    Execution Region ER_IROM1 (Exec base: 0x00000000, Load base: 0x00000000, Size: 0x00004d28, Max: 0x00100000, ABSOLUTE)

    Exec Addr    Load Addr    Size         Type   Attr      Idx    E Section Name        Object

    0x00000000   0x00000000   0x00000200   Data   RO          249    RESET               startup_tm4c129.o
    0x00000200   0x00000200   0x00000008   Code   RO          321  * !!!main             c_w.l(__main.o)
    0x00000208   0x00000208   0x00000034   Code   RO          488    !!!scatter          c_w.l(__scatter.o)
    0x0000023c   0x0000023c   0x0000001a   Code   RO          490    !!handler_copy      c_w.l(__scatter_copy.o)
    0x00000256   0x00000256   0x00000002   PAD
    0x00000258   0x00000258   0x0000001c   Code   RO          492    !!handler_zi        c_w.l(__scatter_zi.o)
    0x00000274   0x00000274   0x00000002   Code   RO          358    .ARM.Collect$$libinit$$00000000  c_w.l(libinit.o)
    0x00000276   0x00000276   0x00000004   Code   RO          370    .ARM.Collect$$libinit$$00000001  c_w.l(libinit2.o)
    0x0000027a   0x0000027a   0x00000000   Code   RO          373    .ARM.Collect$$libinit$$00000004  c_w.l(libinit2.o)
    0x0000027a   0x0000027a   0x00000000   Code   RO          376    .ARM.Collect$$libinit$$0000000A  c_w.l(libinit2.o)
    0x0000027a   0x0000027a   0x00000000   Code   RO          378    .ARM.Collect$$libinit$$0000000C  c_w.l(libinit2.o)
    0x0000027a   0x0000027a   0x00000000   Code   RO          380    .ARM.Collect$$libinit$$0000000E  c_w.l(libinit2.o)
    0x0000027a   0x0000027a   0x00000000   Code   RO          383    .ARM.Collect$$libinit$$00000011  c_w.l(libinit2.o)
    0x0000027a   0x0000027a   0x00000000   Code   RO          385    .ARM.Collect$$libinit$$00000013  c_w.l(libinit2.o)
    0x0000027a   0x0000027a   0x00000000   Code   RO          387    .ARM.Collect$$libinit$$00000015  c_w.l(libinit2.o)
    0x0000027a   0x0000027a   0x00000000   Code   RO          389    .ARM.Collect$$libinit$$00000017  c_w.l(libinit2.o)
    0x0000027a   0x0000027a   0x00000000   Code   RO          391    .ARM.Collect$$libinit$$00000019  c_w.l(libinit2.o)
    0x0000027a   0x0000027a   0x00000000   Code   RO          393    .ARM.Collect$$libinit$$0000001B  c_w.l(libinit2.o)
    0x0000027a   0x0000027a   0x00000000   Code   RO          395    .ARM.Collect$$libinit$$0000001D  c_w.l(libinit2.o)
    0x0000027a   0x0000027a   0x00000000   Code   RO          397    .ARM.Collect$$libinit$$0000001F  c_w.l(libinit2.o)
    0x0000027a   0x0000027a   0x00000000   Code   RO          399    .ARM.Collect$$libinit$$00000021  c_w.l(libinit2.o)
    0x0000027a   0x0000027a   0x00000000   Code   RO          401    .ARM.Collect$$libinit$$00000023  c_w.l(libinit2.o)
    0x0000027a   0x0000027a   0x00000000   Code   RO          403    .ARM.Collect$$libinit$$00000025  c_w.l(libinit2.o)
    0x0000027a   0x0000027a   0x00000000   Code   RO          407    .ARM.Collect$$libinit$$0000002C  c_w.l(libinit2.o)
    0x0000027a   0x0000027a   0x00000000   Code   RO          409    .ARM.Collect$$libinit$$0000002E  c_w.l(libinit2.o)
    0x0000027a   0x0000027a   0x00000000   Code   RO          411    .ARM.Collect$$libinit$$00000030  c_w.l(libinit2.o)
    0x0000027a   0x0000027a   0x00000000   Code   RO          413    .ARM.Collect$$libinit$$00000032  c_w.l(libinit2.o)
    0x0000027a   0x0000027a   0x00000002   Code   RO          414    .ARM.Collect$$libinit$$00000033  c_w.l(libinit2.o)
    0x0000027c   0x0000027c   0x00000002   Code   RO          445    .ARM.Collect$$libshutdown$$00000000  c_w.l(libshutdown.o)
    0x0000027e   0x0000027e   0x00000000   Code   RO          471    .ARM.Collect$$libshutdown$$00000002  c_w.l(libshutdown2.o)
    0x0000027e   0x0000027e   0x00000000   Code   RO          473    .ARM.Collect$$libshutdown$$00000004  c_w.l(libshutdown2.o)
    0x0000027e   0x0000027e   0x00000000   Code   RO          476    .ARM.Collect$$libshutdown$$00000007  c_w.l(libshutdown2.o)
    0x0000027e   0x0000027e   0x00000000   Code   RO          479    .ARM.Collect$$libshutdown$$0000000A  c_w.l(libshutdown2.o)
    0x0000027e   0x0000027e   0x00000000   Code   RO          481    .ARM.Collect$$libshutdown$$0000000C  c_w.l(libshutdown2.o)
    0x0000027e   0x0000027e   0x00000000   Code   RO          484    .ARM.Collect$$libshutdown$$0000000F  c_w.l(libshutdown2.o)
    0x0000027e   0x0000027e   0x00000002   Code   RO          485    .ARM.Collect$$libshutdown$$00000010  c_w.l(libshutdown2.o)
    0x00000280   0x00000280   0x00000000   Code   RO          323    .ARM.Collect$$rtentry$$00000000  c_w.l(__rtentry.o)
    0x00000280   0x00000280   0x00000000   Code   RO          329    .ARM.Collect$$rtentry$$00000002  c_w.l(__rtentry2.o)
    0x00000280   0x00000280   0x00000006   Code   RO          341    .ARM.Collect$$rtentry$$00000004  c_w.l(__rtentry4.o)
    0x00000286   0x00000286   0x00000000   Code   RO          331    .ARM.Collect$$rtentry$$00000009  c_w.l(__rtentry2.o)
    0x00000286   0x00000286   0x00000004   Code   RO          332    .ARM.Collect$$rtentry$$0000000A  c_w.l(__rtentry2.o)
    0x0000028a   0x0000028a   0x00000000   Code   RO          334    .ARM.Collect$$rtentry$$0000000C  c_w.l(__rtentry2.o)
    0x0000028a   0x0000028a   0x00000008   Code   RO          335    .ARM.Collect$$rtentry$$0000000D  c_w.l(__rtentry2.o)
    0x00000292   0x00000292   0x00000002   Code   RO          362    .ARM.Collect$$rtexit$$00000000  c_w.l(rtexit.o)
    0x00000294   0x00000294   0x00000000   Code   RO          418    .ARM.Collect$$rtexit$$00000002  c_w.l(rtexit2.o)
    0x00000294   0x00000294   0x00000004   Code   RO          419    .ARM.Collect$$rtexit$$00000003  c_w.l(rtexit2.o)
    0x00000298   0x00000298   0x00000006   Code   RO          420    .ARM.Collect$$rtexit$$00000004  c_w.l(rtexit2.o)
    0x0000029e   0x0000029e   0x00000002   PAD
    0x000002a0   0x000002a0   0x00000178   Code   RO          206    .test1              test_mul.o
    0x00000418   0x00000418   0x00000556   Code   RO          211    .test1              mul.o
    0x0000096e   0x0000096e   0x00000002   PAD
    0x00000970   0x00000970   0x000000e8   Code   RO            1    .text               main.o
    0x00000a58   0x00000a58   0x00001dd6   Code   RO           54    .text               fp_generic.o
    0x0000282e   0x0000282e   0x00000002   PAD
    0x00002830   0x00002830   0x0000090c   Code   RO           98    .text               fpx.o
    0x0000313c   0x0000313c   0x000007dc   Code   RO          130    .text               ec_isogeny.o
    0x00003918   0x00003918   0x00000914   Code   RO          143    .text               sidh.o
    0x0000422c   0x0000422c   0x00000004   Code   RO          174    .text               random.o
    0x00004230   0x00004230   0x0000012c   Code   RO          250    .text               startup_tm4c129.o
    0x0000435c   0x0000435c   0x00000028   Code   RO          257    .text               system_tm4c129.o
    0x00004384   0x00004384   0x00000064   Code   RO          313    .text               c_w.l(rt_memcpy_w.o)
    0x000043e8   0x000043e8   0x0000004e   Code   RO          315    .text               c_w.l(rt_memclr_w.o)
    0x00004436   0x00004436   0x00000006   Code   RO          319    .text               c_w.l(heapauxi.o)
    0x0000443c   0x0000443c   0x0000004a   Code   RO          345    .text               c_w.l(sys_stackheap_outer.o)
    0x00004486   0x00004486   0x00000012   Code   RO          347    .text               c_w.l(exit.o)
    0x00004498   0x00004498   0x00000008   Code   RO          359    .text               c_w.l(libspace.o)
    0x000044a0   0x000044a0   0x0000000c   Code   RO          415    .text               c_w.l(sys_exit.o)
    0x000044ac   0x000044ac   0x00000002   Code   RO          434    .text               c_w.l(use_no_semi.o)
    0x000044ae   0x000044ae   0x00000000   Code   RO          436    .text               c_w.l(indicate_semi.o)
    0x000044ae   0x000044ae   0x00000002   PAD
    0x000044b0   0x000044b0   0x00000014   Code   RO          107    i.fpcopy503         fpx.o
    0x000044c4   0x000044c4   0x00000010   Code   RO          112    i.fpzero503         fpx.o
    0x000044d4   0x000044d4   0x0000000a   Code   RO          430    x$fpl$fpinit        fz_wm.l(fpinit.o)
    0x000044de   0x000044de   0x00000002   PAD
    0x000044e0   0x000044e0   0x00000040   Data   RO           76    .constdata          p503.o
    0x00004520   0x00004520   0x00000040   Data   RO           77    .constdata          p503.o
    0x00004560   0x00004560   0x00000040   Data   RO           78    .constdata          p503.o
    0x000045a0   0x000045a0   0x00000140   Data   RO           81    .constdata          p503.o
    0x000046e0   0x000046e0   0x00000140   Data   RO           82    .constdata          p503.o
    0x00004820   0x00004820   0x00000040   Data   RO           83    .constdata          p503.o
    0x00004860   0x00004860   0x00000040   Data   RO           84    .constdata          p503.o
    0x000048a0   0x000048a0   0x000001f0   Data   RO           88    .constdata          p503.o
    0x00004a90   0x00004a90   0x00000278   Data   RO           89    .constdata          p503.o
    0x00004d08   0x00004d08   0x00000020   Data   RO          486    Region$$Table       anon$$obj.o


    Execution Region RW_IRAM1 (Exec base: 0x20000000, Load base: 0x00004d28, Size: 0x00008068, Max: 0x00040000, ABSOLUTE)

    Exec Addr    Load Addr    Size         Type   Attr      Idx    E Section Name        Object

    0x20000000   0x00004d28   0x00000004   Data   RW          258    .data               system_tm4c129.o
    0x20000004        -       0x00000060   Zero   RW          360    .bss                c_w.l(libspace.o)
    0x20000064   0x00004d2c   0x00000004   PAD
    0x20000068        -       0x00000000   Zero   RW          248    HEAP                startup_tm4c129.o
    0x20000068        -       0x00008000   Zero   RW          247    STACK               startup_tm4c129.o


==============================================================================

Image component sizes


      Code (inc. data)   RO Data    RW Data    ZI Data      Debug   Object Name

      2012          4          0          0          0       6854   ec_isogeny.o
      7638         30          0          0          0      13737   fp_generic.o
      2352         10          0          0          0      10903   fpx.o
       232         70          0          0          0      10888   main.o
      1366          0          0          0          0       1020   mul.o
         0          0       2088          0          0       1122   p503.o
         4          0          0          0          0        534   random.o
      2324         34          0          0          0       6564   sidh.o
       300         22        512          0      32768       6032   startup_tm4c129.o
        40         14          0          4          0        885   system_tm4c129.o
       376          0          0          0          0        728   test_mul.o

    ----------------------------------------------------------------------
     16648        184       2632          4      32768      59267   Object Totals
         0          0         32          0          0          0   (incl. Generated)
         4          0          0          0          0          0   (incl. Padding)

    ----------------------------------------------------------------------

      Code (inc. data)   RO Data    RW Data    ZI Data      Debug   Library Member Name

         8          0          0          0          0         68   __main.o
         0          0          0          0          0          0   __rtentry.o
        12          0          0          0          0          0   __rtentry2.o
         6          0          0          0          0          0   __rtentry4.o
        52          8          0          0          0          0   __scatter.o
        26          0          0          0          0          0   __scatter_copy.o
        28          0          0          0          0          0   __scatter_zi.o
        18          0          0          0          0         80   exit.o
         6          0          0          0          0        152   heapauxi.o
         0          0          0          0          0          0   indicate_semi.o
         2          0          0          0          0          0   libinit.o
         6          0          0          0          0          0   libinit2.o
         2          0          0          0          0          0   libshutdown.o
         2          0          0          0          0          0   libshutdown2.o
         8          4          0          0         96         68   libspace.o
        78          0          0          0          0         80   rt_memclr_w.o
       100          0          0          0          0         80   rt_memcpy_w.o
         2          0          0          0          0          0   rtexit.o
        10          0          0          0          0          0   rtexit2.o
        12          4          0          0          0         68   sys_exit.o
        74          0          0          0          0         80   sys_stackheap_outer.o
         2          0          0          0          0         68   use_no_semi.o
        10          0          0          0          0        116   fpinit.o

    ----------------------------------------------------------------------
       472         16          0          0        100        860   Library Totals
         8          0          0          0          4          0   (incl. Padding)

    ----------------------------------------------------------------------

      Code (inc. data)   RO Data    RW Data    ZI Data      Debug   Library Name

       454         16          0          0         96        744   c_w.l
        10          0          0          0          0        116   fz_wm.l

    ----------------------------------------------------------------------
       472         16          0          0        100        860   Library Totals

    ----------------------------------------------------------------------

==============================================================================


      Code (inc. data)   RO Data    RW Data    ZI Data      Debug   

     17120        200       2632          4      32868      59067   Grand Totals
     17120        200       2632          4      32868      59067   ELF Image Totals
     17120        200       2632          4          0          0   ROM Totals

==============================================================================

    Total RO  Size (Code + RO Data)                19752 (  19.29kB)
    Total RW  Size (RW Data + ZI Data)             32872 (  32.10kB)
    Total ROM Size (Code + RO Data + RW Data)      19756 (  19.29kB)

==============================================================================

